<html>
<body>
<pre>
<h1>µVision Build Log</h1>
<h2>Tool Versions:</h2>
IDE-Version: ¦ÌVision V5.27.1.0
Copyright (C) 2019 ARM Ltd and ARM Germany GmbH. All rights reserved.
License Information: yu X, 123, LIC=GMZI6-DAGS5-UHS8H-WM09Y-PD1A9-4MKG5
 
Tool Versions:
Toolchain:       MDK-ARM Plus  Version: 5.27.1.0
Toolchain Path:  E:\keil-527\ARM\ARMCC\Bin
C Compiler:      Armcc.exe V5.06 update 6 (build 750)
Assembler:       Armasm.exe V5.06 update 6 (build 750)
Linker/Locator:  ArmLink.exe V5.06 update 6 (build 750)
Library Manager: ArmAr.exe V5.06 update 6 (build 750)
Hex Converter:   FromElf.exe V5.06 update 6 (build 750)
CPU DLL:         SARMCM3.DLL V5.27.1.0
Dialog DLL:      DARMSTM.DLL V1.68.0.0
Target DLL:      STLink\ST-LINKIII-KEIL_SWO.dll V3.0.6.0
Dialog DLL:      TCM.DLL V1.36.1.0
 
<h2>Project:</h2>
F:\zxy\trae\stm32f103zet6RTOS LVGL\project.uvprojx
Project File Date:  03/10/2026

<h2>Output:</h2>
*** Using Compiler 'V5.06 update 6 (build 750)', folder: 'E:\keil-527\ARM\ARMCC\Bin'
Rebuild target 'Target 1'
compiling misc.c...
compiling stm32f10x_spi.c...
compiling stm32f10x_gpio.c...
compiling stm32f10x_cec.c...
compiling stm32f10x_crc.c...
compiling stm32f10x_wwdg.c...
compiling stm32f10x_dac.c...
assembling startup_stm32f10x_hd.s...
compiling MQTTConnectClient.c...
compiling stm32f10x_fsmc.c...
compiling MQTTConnectServer.c...
compiling stm32f10x_can.c...
compiling stm32f10x_rcc.c...
compiling stm32f10x_adc.c...
compiling MQTTDeserializePublish.c...
compiling stm32f10x_bkp.c...
compiling stm32f10x_dbgmcu.c...
compiling MQTTFormat.c...
compiling stm32f10x_tim.c...
compiling stm32f10x_dma.c...
compiling stm32f10x_iwdg.c...
compiling stm32f10x_pwr.c...
compiling stm32f10x_i2c.c...
compiling stm32f10x_usart.c...
compiling stm32f10x_rtc.c...
compiling MQTTPacket.c...
compiling stm32f10x_exti.c...
compiling stm32f10x_sdio.c...
compiling stm32f10x_flash.c...
compiling MQTTSerializePublish.c...
compiling MQTTSubscribeClient.c...
compiling MQTTSubscribeServer.c...
compiling MQTTUnsubscribeClient.c...
compiling MQTTUnsubscribeServer.c...
compiling stm32f10x_it.c...
compiling bep.c...
compiling system_stm32f10x.c...
compiling delay.c...
compiling key.c...
compiling led.c...
compiling relay.c...
compiling pwm.c...
compiling rgb.c...
compiling main.c...
compiling kqm.c...
compiling su_03t.c...
compiling dht11.c...
compiling jx_uart_send.c...
compiling Myi2c_bh1750.c...
compiling bh1750.c...
compiling rtc.c...
compiling flash.c...
compiling stm32_eval_spi_flash.c...
compiling light.c...
compiling usart1.c...
compiling bsp_lcd.c...
compiling esp8266.c...
compiling croutine.c...
compiling event_groups.c...
compiling list.c...
compiling tim.c...
compiling events_init.c...
compiling gui_guider.c...
compiling queue.c...
compiling stream_buffer.c...
compiling setup_scr_screen_open.c...
compiling timers.c...
compiling heap_4.c...
compiling setup_scr_screen_wifi.c...
compiling setup_scr_screen_data.c...
compiling port.c...
compiling tasks.c...
compiling _ch2o_alpha_30x30.c...
compiling _co2_alpha_30x30.c...
compiling _hum_alpha_30x30.c...
compiling _light_alpha_50x50.c...
compiling _beijing_alpha_240x320.c...
compiling _noWIFI_alpha_20x20.c...
compiling _tem_alpha_30x30.c...
compiling _wifi_alpha_20x20.c...
compiling _voc_alpha_30x30.c...
compiling _yanwu_alpha_60x30.c...
compiling _zhutou_alpha_100x100.c...
compiling lv_font_ArchitectsDaughter_16.c...
compiling lv_font_SIMLI_16.c...
compiling lv_font_simsun_12.c...
compiling lv_font_SIMLI_25.c...
compiling lv_disp.c...
compiling lv_font_simsun_16.c...
compiling lv_group.c...
compiling lv_draw_arc.c...
compiling lv_refr.c...
compiling lv_style.c...
compiling lv_indev.c...
compiling lv_port_disp.c...
compiling lv_draw_blend.c...
compiling lv_draw_img.c...
compiling lv_draw_line.c...
compiling lv_draw_mask.c...
compiling lv_draw_label.c...
compiling lv_draw_triangle.c...
compiling lv_obj.c...
compiling lv_font.c...
compiling lv_img_cache.c...
compiling lv_draw_rect.c...
compiling lv_img_buf.c...
compiling lv_img_decoder.c...
compiling lv_font_dejavu_16_persian_hebrew.c...
compiling lv_font_fmt_txt.c...
compiling lv_font_montserrat_8.c...
compiling lv_font_loader.c...
compiling lv_font_montserrat_10.c...
compiling lv_font_montserrat_12.c...
compiling lv_font_montserrat_12_subpx.c...
compiling lv_font_montserrat_14.c...
compiling lv_font_montserrat_16.c...
compiling lv_font_montserrat_18.c...
compiling lv_font_montserrat_20.c...
compiling lv_font_montserrat_22.c...
compiling lv_font_montserrat_24.c...
compiling lv_font_montserrat_26.c...
compiling lv_font_montserrat_28.c...
compiling lv_font_montserrat_28_compressed.c...
compiling lv_font_montserrat_30.c...
compiling lv_font_montserrat_32.c...
compiling lv_font_montserrat_34.c...
compiling lv_font_montserrat_36.c...
compiling lv_font_montserrat_38.c...
compiling lv_font_montserrat_40.c...
compiling lv_font_montserrat_42.c...
compiling lv_font_montserrat_44.c...
compiling lv_font_montserrat_46.c...
compiling lv_font_montserrat_48.c...
compiling lv_hal_disp.c...
compiling lv_font_simsun_16_cjk.c...
compiling lv_font_unscii_16.c...
compiling lv_font_unscii_8.c...
compiling lv_hal_indev.c...
compiling lv_hal_tick.c...
compiling lv_bidi.c...
compiling lv_async.c...
compiling lv_area.c...
compiling lv_anim.c...
compiling lv_color.c...
compiling lv_debug.c...
compiling lv_fs.c...
compiling lv_log.c...
compiling lv_gc.c...
compiling lv_ll.c...
compiling lv_math.c...
compiling lv_templ.c...
compiling lv_printf.c...
compiling lv_task.c...
compiling lv_mem.c...
compiling lv_txt.c...
compiling lv_txt_ap.c...
compiling lv_utils.c...
compiling lv_theme.c...
compiling lv_theme_empty.c...
compiling lv_theme_mono.c...
compiling lv_theme_template.c...
compiling lv_btn.c...
compiling lv_theme_material.c...
compiling lv_bar.c...
compiling lv_arc.c...
compiling lv_btnmatrix.c...
compiling lv_calendar.c...
compiling lv_checkbox.c...
compiling lv_canvas.c...
compiling lv_cont.c...
compiling lv_chart.c...
compiling lv_cpicker.c...
compiling lv_dropdown.c...
compiling lv_gauge.c...
compiling lv_imgbtn.c...
compiling lv_img.c...
compiling lv_led.c...
compiling lv_keyboard.c...
compiling lv_line.c...
compiling lv_label.c...
compiling lv_linemeter.c...
compiling lv_objx_templ.c...
compiling lv_list.c...
compiling lv_objmask.c...
compiling lv_msgbox.c...
compiling lv_page.c...
compiling lv_slider.c...
compiling lv_roller.c...
compiling lv_spinbox.c...
compiling lv_spinner.c...
compiling lv_switch.c...
compiling lv_tileview.c...
compiling lv_tabview.c...
compiling lv_win.c...
compiling lv_table.c...
compiling lv_textarea.c...
linking...
Program Size: Code=150332 RO-data=370384 RW-data=1536 ZI-data=45472  
FromELF: creating hex file...
".\Objects\project.axf" - 0 Error(s), 0 Warning(s).

<h2>Software Packages used:</h2>

Package Vendor: ARM
                http://www.keil.com/pack/ARM.CMSIS.5.5.1.pack
                ARM.CMSIS.5.5.1
                CMSIS (Cortex Microcontroller Software Interface Standard)
   * Component: CORE Version: 5.2.0

Package Vendor: Keil
                http://www.keil.com/pack/Keil.STM32F1xx_DFP.1.0.5.pack
                Keil.STM32F1xx_DFP.1.0.5
                STMicroelectronics STM32F1 Series Device Support, Drivers and Examples

<h2>Collection of Component include folders:</h2>
  .\RTE\_Target_1
  E:\keil-527\Packs\ARM\CMSIS\5.5.1\CMSIS\Core\Include
  E:\keil-527\Packs\Keil\STM32F1xx_DFP\1.0.5\Device\Include

<h2>Collection of Component Files used:</h2>

   * Component: ARM::CMSIS:CORE:5.2.0
Build Time Elapsed:  00:00:05
</pre>
</body>
</html>
