Component: ARM Compiler 5.06 update 6 (build 750) Tool: armlink [4d35ed]

==============================================================================

Section Cross References

    stm32f10x_adc.o(i.ADC_DeInit) refers to stm32f10x_rcc.o(i.RCC_APB2PeriphResetCmd) for RCC_APB2PeriphResetCmd
    stm32f10x_bkp.o(i.BKP_DeInit) refers to stm32f10x_rcc.o(i.RCC_BackupResetCmd) for RCC_BackupResetCmd
    stm32f10x_can.o(i.CAN_DeInit) refers to stm32f10x_rcc.o(i.RCC_APB1PeriphResetCmd) for RCC_APB1PeriphResetCmd
    stm32f10x_can.o(i.CAN_GetITStatus) refers to stm32f10x_can.o(i.CheckITStatus) for CheckITStatus
    stm32f10x_cec.o(i.CEC_DeInit) refers to stm32f10x_rcc.o(i.RCC_APB1PeriphResetCmd) for RCC_APB1PeriphResetCmd
    stm32f10x_dac.o(i.DAC_DeInit) refers to stm32f10x_rcc.o(i.RCC_APB1PeriphResetCmd) for RCC_APB1PeriphResetCmd
    stm32f10x_flash.o(i.FLASH_EnableWriteProtection) refers to stm32f10x_flash.o(i.FLASH_WaitForLastOperation) for FLASH_WaitForLastOperation
    stm32f10x_flash.o(i.FLASH_EraseAllBank1Pages) refers to stm32f10x_flash.o(i.FLASH_WaitForLastBank1Operation) for FLASH_WaitForLastBank1Operation
    stm32f10x_flash.o(i.FLASH_EraseAllPages) refers to stm32f10x_flash.o(i.FLASH_WaitForLastOperation) for FLASH_WaitForLastOperation
    stm32f10x_flash.o(i.FLASH_EraseOptionBytes) refers to stm32f10x_flash.o(i.FLASH_GetReadOutProtectionStatus) for FLASH_GetReadOutProtectionStatus
    stm32f10x_flash.o(i.FLASH_EraseOptionBytes) refers to stm32f10x_flash.o(i.FLASH_WaitForLastOperation) for FLASH_WaitForLastOperation
    stm32f10x_flash.o(i.FLASH_ErasePage) refers to stm32f10x_flash.o(i.FLASH_WaitForLastOperation) for FLASH_WaitForLastOperation
    stm32f10x_flash.o(i.FLASH_ProgramHalfWord) refers to stm32f10x_flash.o(i.FLASH_WaitForLastOperation) for FLASH_WaitForLastOperation
    stm32f10x_flash.o(i.FLASH_ProgramOptionByteData) refers to stm32f10x_flash.o(i.FLASH_WaitForLastOperation) for FLASH_WaitForLastOperation
    stm32f10x_flash.o(i.FLASH_ProgramWord) refers to stm32f10x_flash.o(i.FLASH_WaitForLastOperation) for FLASH_WaitForLastOperation
    stm32f10x_flash.o(i.FLASH_ReadOutProtection) refers to stm32f10x_flash.o(i.FLASH_WaitForLastOperation) for FLASH_WaitForLastOperation
    stm32f10x_flash.o(i.FLASH_UserOptionByteConfig) refers to stm32f10x_flash.o(i.FLASH_WaitForLastOperation) for FLASH_WaitForLastOperation
    stm32f10x_flash.o(i.FLASH_WaitForLastBank1Operation) refers to stm32f10x_flash.o(i.FLASH_GetBank1Status) for FLASH_GetBank1Status
    stm32f10x_flash.o(i.FLASH_WaitForLastOperation) refers to stm32f10x_flash.o(i.FLASH_GetBank1Status) for FLASH_GetBank1Status
    stm32f10x_gpio.o(i.GPIO_AFIODeInit) refers to stm32f10x_rcc.o(i.RCC_APB2PeriphResetCmd) for RCC_APB2PeriphResetCmd
    stm32f10x_gpio.o(i.GPIO_DeInit) refers to stm32f10x_rcc.o(i.RCC_APB2PeriphResetCmd) for RCC_APB2PeriphResetCmd
    stm32f10x_i2c.o(i.I2C_DeInit) refers to stm32f10x_rcc.o(i.RCC_APB1PeriphResetCmd) for RCC_APB1PeriphResetCmd
    stm32f10x_i2c.o(i.I2C_Init) refers to stm32f10x_rcc.o(i.RCC_GetClocksFreq) for RCC_GetClocksFreq
    stm32f10x_pwr.o(i.PWR_DeInit) refers to stm32f10x_rcc.o(i.RCC_APB1PeriphResetCmd) for RCC_APB1PeriphResetCmd
    stm32f10x_rcc.o(i.RCC_GetClocksFreq) refers to stm32f10x_rcc.o(.data) for APBAHBPrescTable
    stm32f10x_rcc.o(i.RCC_WaitForHSEStartUp) refers to stm32f10x_rcc.o(i.RCC_GetFlagStatus) for RCC_GetFlagStatus
    stm32f10x_rtc.o(i.RTC_SetAlarm) refers to stm32f10x_rtc.o(i.RTC_EnterConfigMode) for RTC_EnterConfigMode
    stm32f10x_rtc.o(i.RTC_SetAlarm) refers to stm32f10x_rtc.o(i.RTC_ExitConfigMode) for RTC_ExitConfigMode
    stm32f10x_rtc.o(i.RTC_SetCounter) refers to stm32f10x_rtc.o(i.RTC_EnterConfigMode) for RTC_EnterConfigMode
    stm32f10x_rtc.o(i.RTC_SetCounter) refers to stm32f10x_rtc.o(i.RTC_ExitConfigMode) for RTC_ExitConfigMode
    stm32f10x_rtc.o(i.RTC_SetPrescaler) refers to stm32f10x_rtc.o(i.RTC_EnterConfigMode) for RTC_EnterConfigMode
    stm32f10x_rtc.o(i.RTC_SetPrescaler) refers to stm32f10x_rtc.o(i.RTC_ExitConfigMode) for RTC_ExitConfigMode
    stm32f10x_spi.o(i.I2S_Init) refers to stm32f10x_rcc.o(i.RCC_GetClocksFreq) for RCC_GetClocksFreq
    stm32f10x_spi.o(i.SPI_I2S_DeInit) refers to stm32f10x_rcc.o(i.RCC_APB2PeriphResetCmd) for RCC_APB2PeriphResetCmd
    stm32f10x_spi.o(i.SPI_I2S_DeInit) refers to stm32f10x_rcc.o(i.RCC_APB1PeriphResetCmd) for RCC_APB1PeriphResetCmd
    stm32f10x_tim.o(i.TIM_DeInit) refers to stm32f10x_rcc.o(i.RCC_APB2PeriphResetCmd) for RCC_APB2PeriphResetCmd
    stm32f10x_tim.o(i.TIM_DeInit) refers to stm32f10x_rcc.o(i.RCC_APB1PeriphResetCmd) for RCC_APB1PeriphResetCmd
    stm32f10x_tim.o(i.TIM_ETRClockMode1Config) refers to stm32f10x_tim.o(i.TIM_ETRConfig) for TIM_ETRConfig
    stm32f10x_tim.o(i.TIM_ETRClockMode2Config) refers to stm32f10x_tim.o(i.TIM_ETRConfig) for TIM_ETRConfig
    stm32f10x_tim.o(i.TIM_ICInit) refers to stm32f10x_tim.o(i.TI1_Config) for TI1_Config
[...]
    i.SetSysClock                            0x08002398   Section        0  system_stm32f10x.o(i.SetSysClock)
    SetSysClock                              0x08002399   Thumb Code     8  system_stm32f10x.o(i.SetSysClock)
    i.SetSysClockTo72                        0x080023a0   Section        0  system_stm32f10x.o(i.SetSysClockTo72)
    SetSysClockTo72                          0x080023a1   Thumb Code   214  system_stm32f10x.o(i.SetSysClockTo72)
    i.Su03t_Init                             0x08002480   Section        0  su_03t.o(i.Su03t_Init)
    i.SysTick_Handler                        0x0800253c   Section        0  port.o(i.SysTick_Handler)
    i.SystemInit                             0x08002570   Section        0  system_stm32f10x.o(i.SystemInit)
    i.TIM6_IRQHandler                        0x080025d0   Section        0  tim.o(i.TIM6_IRQHandler)
    i.TIM_ClearITPendingBit                  0x080025f8   Section        0  stm32f10x_tim.o(i.TIM_ClearITPendingBit)
    i.TIM_Cmd                                0x080025fe   Section        0  stm32f10x_tim.o(i.TIM_Cmd)
    i.TIM_GetITStatus                        0x08002616   Section        0  stm32f10x_tim.o(i.TIM_GetITStatus)
    i.TIM_ITConfig                           0x08002638   Section        0  stm32f10x_tim.o(i.TIM_ITConfig)
    i.TIM_Init                               0x0800264c   Section        0  tim.o(i.TIM_Init)
    i.TIM_TimeBaseInit                       0x080026b0   Section        0  stm32f10x_tim.o(i.TIM_TimeBaseInit)
    i.UART5_IRQHandler                       0x08002754   Section        0  su_03t.o(i.UART5_IRQHandler)
    i.USART1_IRQHandler                      0x080027c4   Section        0  usart1.o(i.USART1_IRQHandler)
    i.USART1_Init                            0x0800284c   Section        0  usart1.o(i.USART1_Init)
    i.USART1_SendByte                        0x08002900   Section        0  usart1.o(i.USART1_SendByte)
    i.USART2_IRQHandler                      0x08002930   Section        0  kqm.o(i.USART2_IRQHandler)
    i.USART3_IRQHandler                      0x080029c4   Section        0  esp8266.o(i.USART3_IRQHandler)
    i.USART_ClearITPendingBit                0x08002a48   Section        0  stm32f10x_usart.o(i.USART_ClearITPendingBit)
    i.USART_Cmd                              0x08002a66   Section        0  stm32f10x_usart.o(i.USART_Cmd)
    i.USART_GetFlagStatus                    0x08002a7e   Section        0  stm32f10x_usart.o(i.USART_GetFlagStatus)
    i.USART_GetITStatus                      0x08002a98   Section        0  stm32f10x_usart.o(i.USART_GetITStatus)
    i.USART_ITConfig                         0x08002aec   Section        0  stm32f10x_usart.o(i.USART_ITConfig)
    i.USART_Init                             0x08002b38   Section        0  stm32f10x_usart.o(i.USART_Init)
    i.USART_ReceiveData                      0x08002c10   Section        0  stm32f10x_usart.o(i.USART_ReceiveData)
    i.USART_SendData                         0x08002c1a   Section        0  stm32f10x_usart.o(i.USART_SendData)
    i.UsageFault_Handler                     0x08002c22   Section        0  stm32f10x_it.o(i.UsageFault_Handler)
    i.__0printf                              0x08002c28   Section        0  printfa.o(i.__0printf)
    i.__scatterload_copy                     0x08002c48   Section       14  handlers.o(i.__scatterload_copy)
    i.__scatterload_null                     0x08002c56   Section        2  handlers.o(i.__scatterload_null)
    i.__scatterload_zeroinit                 0x08002c58   Section       14  handlers.o(i.__scatterload_zeroinit)
    i._fp_digits                             0x08002c68   Section        0  printfa.o(i._fp_digits)
    _fp_digits                               0x08002c69   Thumb Code   366  printfa.o(i._fp_digits)
    i._printf_core                           0x08002dec   Section        0  printfa.o(i._printf_core)
    _printf_core                             0x08002ded   Thumb Code  1744  printfa.o(i._printf_core)
    i._printf_post_padding                   0x080034c8   Section        0  printfa.o(i._printf_post_padding)
    _printf_post_padding                     0x080034c9   Thumb Code    36  printfa.o(i._printf_post_padding)
    i._printf_pre_padding                    0x080034ec   Section        0  printfa.o(i._printf_pre_padding)
    _printf_pre_padding                      0x080034ed   Thumb Code    46  printfa.o(i._printf_pre_padding)
    i.fputc                                  0x0800351a   Section        0  usart1.o(i.fputc)
    i.main                                   0x0800352c   Section        0  main.o(i.main)
    i.prvAddCurrentTaskToDelayedList         0x080036bc   Section        0  tasks.o(i.prvAddCurrentTaskToDelayedList)
    prvAddCurrentTaskToDelayedList           0x080036bd   Thumb Code   124  tasks.o(i.prvAddCurrentTaskToDelayedList)
    i.prvAddNewTaskToReadyList               0x08003754   Section        0  tasks.o(i.prvAddNewTaskToReadyList)
    prvAddNewTaskToReadyList                 0x08003755   Thumb Code   150  tasks.o(i.prvAddNewTaskToReadyList)
    i.prvCheckForValidListAndQueue           0x08003808   Section        0  timers.o(i.prvCheckForValidListAndQueue)
    prvCheckForValidListAndQueue             0x08003809   Thumb Code    72  timers.o(i.prvCheckForValidListAndQueue)
    i.prvCheckTasksWaitingTermination        0x0800386c   Section        0  tasks.o(i.prvCheckTasksWaitingTermination)
    prvCheckTasksWaitingTermination          0x0800386d   Thumb Code    60  tasks.o(i.prvCheckTasksWaitingTermination)
    i.prvCopyDataFromQueue                   0x080038b4   Section        0  queue.o(i.prvCopyDataFromQueue)
    prvCopyDataFromQueue                     0x080038b5   Thumb Code    42  queue.o(i.prvCopyDataFromQueue)
    i.prvCopyDataToQueue                     0x080038de   Section        0  queue.o(i.prvCopyDataToQueue)
    prvCopyDataToQueue                       0x080038df   Thumb Code   126  queue.o(i.prvCopyDataToQueue)
    i.prvDeleteTCB                           0x0800395c   Section        0  tasks.o(i.prvDeleteTCB)
    prvDeleteTCB                             0x0800395d   Thumb Code    18  tasks.o(i.prvDeleteTCB)
    i.prvGetDisinheritPriorityAfterTimeout   0x0800396e   Section        0  queue.o(i.prvGetDisinheritPriorityAfterTimeout)
    prvGetDisinheritPriorityAfterTimeout     0x0800396f   Thumb Code    20  queue.o(i.prvGetDisinheritPriorityAfterTimeout)
    i.prvGetNextExpireTime                   0x08003984   Section        0  timers.o(i.prvGetNextExpireTime)
    prvGetNextExpireTime                     0x08003985   Thumb Code    36  timers.o(i.prvGetNextExpireTime)
    i.prvHeapInit                            0x080039ac   Section        0  heap_4.o(i.prvHeapInit)
    prvHeapInit                              0x080039ad   Thumb Code    98  heap_4.o(i.prvHeapInit)
    i.prvIdleTask                            0x08003a28   Section        0  tasks.o(i.prvIdleTask)
    prvIdleTask                              0x08003a29   Thumb Code    32  tasks.o(i.prvIdleTask)
    i.prvInitialiseNewQueue                  0x08003a50   Section        0  queue.o(i.prvInitialiseNewQueue)
    prvInitialiseNewQueue                    0x08003a51   Thumb Code    42  queue.o(i.prvInitialiseNewQueue)
    i.prvInitialiseNewTask                   0x08003a7a   Section        0  tasks.o(i.prvInitialiseNewTask)
    prvInitialiseNewTask                     0x08003a7b   Thumb Code   144  tasks.o(i.prvInitialiseNewTask)
    i.prvInitialiseTaskLists                 0x08003b0c   Section        0  tasks.o(i.prvInitialiseTaskLists)
    prvInitialiseTaskLists                   0x08003b0d   Thumb Code    70  tasks.o(i.prvInitialiseTaskLists)
    i.prvInsertBlockIntoFreeList             0x08003b74   Section        0  heap_4.o(i.prvInsertBlockIntoFreeList)
    prvInsertBlockIntoFreeList               0x08003b75   Thumb Code    96  heap_4.o(i.prvInsertBlockIntoFreeList)
    i.prvInsertTimerInActiveList             0x08003bdc   Section        0  timers.o(i.prvInsertTimerInActiveList)
    prvInsertTimerInActiveList               0x08003bdd   Thumb Code    80  timers.o(i.prvInsertTimerInActiveList)
    i.prvIsQueueEmpty                        0x08003c34   Section        0  queue.o(i.prvIsQueueEmpty)
    prvIsQueueEmpty                          0x08003c35   Thumb Code    26  queue.o(i.prvIsQueueEmpty)
    i.prvIsQueueFull                         0x08003c4e   Section        0  queue.o(i.prvIsQueueFull)
    prvIsQueueFull                           0x08003c4f   Thumb Code    30  queue.o(i.prvIsQueueFull)
    i.prvNotifyQueueSetContainer             0x08003c6c   Section        0  queue.o(i.prvNotifyQueueSetContainer)
    prvNotifyQueueSetContainer               0x08003c6d   Thumb Code    82  queue.o(i.prvNotifyQueueSetContainer)
    i.prvProcessExpiredTimer                 0x08003cc0   Section        0  timers.o(i.prvProcessExpiredTimer)
    prvProcessExpiredTimer                   0x08003cc1   Thumb Code    86  timers.o(i.prvProcessExpiredTimer)
    i.prvProcessReceivedCommands             0x08003d1c   Section        0  timers.o(i.prvProcessReceivedCommands)
    prvProcessReceivedCommands               0x08003d1d   Thumb Code   264  timers.o(i.prvProcessReceivedCommands)
    i.prvProcessTimerOrBlockTask             0x08003e28   Section        0  timers.o(i.prvProcessTimerOrBlockTask)
    prvProcessTimerOrBlockTask               0x08003e29   Thumb Code   102  timers.o(i.prvProcessTimerOrBlockTask)
    i.prvResetNextTaskUnblockTime            0x08003e9c   Section        0  tasks.o(i.prvResetNextTaskUnblockTime)
    prvResetNextTaskUnblockTime              0x08003e9d   Thumb Code    42  tasks.o(i.prvResetNextTaskUnblockTime)
    i.prvSampleTimeNow                       0x08003ed0   Section        0  timers.o(i.prvSampleTimeNow)
    prvSampleTimeNow                         0x08003ed1   Thumb Code    40  timers.o(i.prvSampleTimeNow)
    i.prvSwitchTimerLists                    0x08003efc   Section        0  timers.o(i.prvSwitchTimerLists)
    prvSwitchTimerLists                      0x08003efd   Thumb Code   126  timers.o(i.prvSwitchTimerLists)
    i.prvTaskExitError                       0x08003f84   Section        0  port.o(i.prvTaskExitError)
    prvTaskExitError                         0x08003f85   Thumb Code    22  port.o(i.prvTaskExitError)
    i.prvTestWaitCondition                   0x08003f9a   Section        0  event_groups.o(i.prvTestWaitCondition)
    prvTestWaitCondition                     0x08003f9b   Thumb Code    30  event_groups.o(i.prvTestWaitCondition)
    i.prvTimerTask                           0x08003fb8   Section        0  timers.o(i.prvTimerTask)
    prvTimerTask                             0x08003fb9   Thumb Code    26  timers.o(i.prvTimerTask)
    i.prvUnlockQueue                         0x08003fd2   Section        0  queue.o(i.prvUnlockQueue)
    prvUnlockQueue                           0x08003fd3   Thumb Code   146  queue.o(i.prvUnlockQueue)
    i.pvPortMalloc                           0x08004064   Section        0  heap_4.o(i.pvPortMalloc)
    i.pvTaskIncrementMutexHeldCount          0x08004134   Section        0  tasks.o(i.pvTaskIncrementMutexHeldCount)
    i.pxPortInitialiseStack                  0x08004154   Section        0  port.o(i.pxPortInitialiseStack)
    i.uxListRemove                           0x08004178   Section        0  list.o(i.uxListRemove)
    i.uxTaskResetEventItemValue              0x080041a0   Section        0  tasks.o(i.uxTaskResetEventItemValue)
    i.vApplicationStackOverflowHook          0x080041bc   Section        0  main.o(i.vApplicationStackOverflowHook)
    i.vListInitialise                        0x080041c0   Section        0  list.o(i.vListInitialise)
    i.vListInitialiseItem                    0x080041da   Section        0  list.o(i.vListInitialiseItem)
    i.vListInsert                            0x080041e0   Section        0  list.o(i.vListInsert)
    i.vListInsertEnd                         0x08004214   Section        0  list.o(i.vListInsertEnd)
    i.vPortEnterCritical                     0x0800422c   Section        0  port.o(i.vPortEnterCritical)
    i.vPortExitCritical                      0x08004250   Section        0  port.o(i.vPortExitCritical)
    i.vPortFree                              0x08004270   Section        0  heap_4.o(i.vPortFree)
    i.vPortSetupTimerInterrupt               0x080042b8   Section        0  port.o(i.vPortSetupTimerInterrupt)
    i.vQueueAddToRegistry                    0x080042d0   Section        0  queue.o(i.vQueueAddToRegistry)
    i.vQueueWaitForMessageRestricted         0x080042fc   Section        0  queue.o(i.vQueueWaitForMessageRestricted)
    i.vTaskDelay                             0x08004348   Section        0  tasks.o(i.vTaskDelay)
    i.vTaskInternalSetTimeOutState           0x0800437c   Section        0  tasks.o(i.vTaskInternalSetTimeOutState)
    i.vTaskMissedYield                       0x08004394   Section        0  tasks.o(i.vTaskMissedYield)
    i.vTaskPlaceOnEventList                  0x080043a0   Section        0  tasks.o(i.vTaskPlaceOnEventList)
    i.vTaskPlaceOnEventListRestricted        0x080043c0   Section        0  tasks.o(i.vTaskPlaceOnEventListRestricted)
    i.vTaskPlaceOnUnorderedEventList         0x080043e8   Section        0  tasks.o(i.vTaskPlaceOnUnorderedEventList)
    i.vTaskPriorityDisinheritAfterTimeout    0x08004414   Section        0  tasks.o(i.vTaskPriorityDisinheritAfterTimeout)
    i.vTaskRemoveFromUnorderedEventList      0x080044c4   Section        0  tasks.o(i.vTaskRemoveFromUnorderedEventList)
    i.vTaskStartScheduler                    0x08004528   Section        0  tasks.o(i.vTaskStartScheduler)
    i.vTaskSuspendAll                        0x08004598   Section        0  tasks.o(i.vTaskSuspendAll)
    i.vTaskSwitchContext                     0x080045a8   Section        0  tasks.o(i.vTaskSwitchContext)
    i.xEventGroupClearBits                   0x08004628   Section        0  event_groups.o(i.xEventGroupClearBits)
    i.xEventGroupCreate                      0x08004648   Section        0  event_groups.o(i.xEventGroupCreate)
    i.xEventGroupSetBits                     0x08004662   Section        0  event_groups.o(i.xEventGroupSetBits)
    i.xEventGroupWaitBits                    0x080046f4   Section        0  event_groups.o(i.xEventGroupWaitBits)
    i.xPortStartScheduler                    0x080047c0   Section        0  port.o(i.xPortStartScheduler)
    i.xQueueGenericCreate                    0x080047f4   Section        0  queue.o(i.xQueueGenericCreate)
    i.xQueueGenericReset                     0x08004830   Section        0  queue.o(i.xQueueGenericReset)
    i.xQueueGenericSend                      0x080048b0   Section        0  queue.o(i.xQueueGenericSend)
    i.xQueueGenericSendFromISR               0x080049f8   Section        0  queue.o(i.xQueueGenericSendFromISR)
    i.xQueueGiveFromISR                      0x08004a94   Section        0  queue.o(i.xQueueGiveFromISR)
    i.xQueueReceive                          0x08004b24   Section        0  queue.o(i.xQueueReceive)
    i.xQueueSemaphoreTake                    0x08004c28   Section        0  queue.o(i.xQueueSemaphoreTake)
    i.xTaskCheckForTimeOut                   0x08004d58   Section        0  tasks.o(i.xTaskCheckForTimeOut)
    i.xTaskCreate                            0x08004db4   Section        0  tasks.o(i.xTaskCreate)
    i.xTaskGetSchedulerState                 0x08004e14   Section        0  tasks.o(i.xTaskGetSchedulerState)
    i.xTaskGetTickCount                      0x08004e34   Section        0  tasks.o(i.xTaskGetTickCount)
    i.xTaskIncrementTick                     0x08004e40   Section        0  tasks.o(i.xTaskIncrementTick)
    i.xTaskPriorityDisinherit                0x08004f5c   Section        0  tasks.o(i.xTaskPriorityDisinherit)
    i.xTaskPriorityInherit                   0x08004fe0   Section        0  tasks.o(i.xTaskPriorityInherit)
    i.xTaskRemoveFromEventList               0x080050a8   Section        0  tasks.o(i.xTaskRemoveFromEventList)
    i.xTaskResumeAll                         0x08005128   Section        0  tasks.o(i.xTaskResumeAll)
    i.xTimerCreateTimerTask                  0x08005210   Section        0  timers.o(i.xTimerCreateTimerTask)
    i.xTimerGenericCommand                   0x0800524c   Section        0  timers.o(i.xTimerGenericCommand)
    .constdata                               0x080052b8   Section       12  localtime.o(.constdata)
    monlen                                   0x080052b8   Data          12  localtime.o(.constdata)
    .data                                    0x20000000   Section       20  stm32f10x_rcc.o(.data)
    APBAHBPrescTable                         0x20000000   Data          16  stm32f10x_rcc.o(.data)
    ADCPrescTable                            0x20000010   Data           4  stm32f10x_rcc.o(.data)
    .data                                    0x20000014   Section       68  main.o(.data)
    .data                                    0x20000058   Section       48  key.o(.data)
    keys                                     0x20000058   Data          48  key.o(.data)
    .data                                    0x20000088   Section        6  su_03t.o(.data)
    .data                                    0x20000090   Section        8  dht11.o(.data)
    .data                                    0x20000098   Section        4  rtc.o(.data)
    .data                                    0x2000009c   Section        6  light.o(.data)
    .data                                    0x200000a4   Section      625  esp8266.o(.data)
    data1                                    0x20000310   Data           4  esp8266.o(.data)
    num1                                     0x20000314   Data           1  esp8266.o(.data)
    .data                                    0x20000316   Section        2  tim.o(.data)
    .data                                    0x20000318   Section       60  tasks.o(.data)
    pxDelayedTaskList                        0x2000031c   Data           4  tasks.o(.data)
    pxOverflowDelayedTaskList                0x20000320   Data           4  tasks.o(.data)
    uxDeletedTasksWaitingCleanUp             0x20000324   Data           4  tasks.o(.data)
    uxCurrentNumberOfTasks                   0x20000328   Data           4  tasks.o(.data)
    xTickCount                               0x2000032c   Data           4  tasks.o(.data)
    uxTopReadyPriority                       0x20000330   Data           4  tasks.o(.data)
    xSchedulerRunning                        0x20000334   Data           4  tasks.o(.data)
    uxPendedTicks                            0x20000338   Data           4  tasks.o(.data)
    xYieldPending                            0x2000033c   Data           4  tasks.o(.data)
    xNumOfOverflows                          0x20000340   Data           4  tasks.o(.data)
    uxTaskNumber                             0x20000344   Data           4  tasks.o(.data)
    xNextTaskUnblockTime                     0x20000348   Data           4  tasks.o(.data)
    xIdleTaskHandle                          0x2000034c   Data           4  tasks.o(.data)
    uxSchedulerSuspended                     0x20000350   Data           4  tasks.o(.data)
    .data                                    0x20000354   Section       20  timers.o(.data)
    pxCurrentTimerList                       0x20000354   Data           4  timers.o(.data)
    pxOverflowTimerList                      0x20000358   Data           4  timers.o(.data)
    xTimerQueue                              0x2000035c   Data           4  timers.o(.data)
    xTimerTaskHandle                         0x20000360   Data           4  timers.o(.data)
    xLastTime                                0x20000364   Data           4  timers.o(.data)
    .data                                    0x20000368   Section       24  heap_4.o(.data)
    xStart                                   0x20000368   Data           8  heap_4.o(.data)
    pxEnd                                    0x20000370   Data           4  heap_4.o(.data)
    xFreeBytesRemaining                      0x20000374   Data           4  heap_4.o(.data)
    xMinimumEverFreeBytesRemaining           0x20000378   Data           4  heap_4.o(.data)
    xBlockAllocatedBit                       0x2000037c   Data           4  heap_4.o(.data)
    .data                                    0x20000380   Section        4  port.o(.data)
    uxCriticalNesting                        0x20000380   Data           4  port.o(.data)
    .data                                    0x20000384   Section        4  stdout.o(.data)
    .bss                                     0x20000388   Section       32  kqm.o(.bss)
    .bss                                     0x200003a8   Section      260  usart1.o(.bss)
    .bss                                     0x200004ac   Section       80  queue.o(.bss)
    .bss                                     0x200004fc   Section      200  tasks.o(.bss)
    pxReadyTasksLists                        0x200004fc   Data         100  tasks.o(.bss)
    xDelayedTaskList1                        0x20000560   Data          20  tasks.o(.bss)
    xDelayedTaskList2                        0x20000574   Data          20  tasks.o(.bss)
    xPendingReadyList                        0x20000588   Data          20  tasks.o(.bss)
    xTasksWaitingTermination                 0x2000059c   Data          20  tasks.o(.bss)
    xSuspendedTaskList                       0x200005b0   Data          20  tasks.o(.bss)
    .bss                                     0x200005c4   Section       40  timers.o(.bss)
    xActiveTimerList1                        0x200005c4   Data          20  timers.o(.bss)
    xActiveTimerList2                        0x200005d8   Data          20  timers.o(.bss)
    .bss                                     0x200005ec   Section    17408  heap_4.o(.bss)
    ucHeap                                   0x200005ec   Data       17408  heap_4.o(.bss)
    .bss                                     0x200049ec   Section       44  localtime.o(.bss)
    _tms                                     0x200049ec   Data          44  localtime.o(.bss)
    STACK                                    0x20004a18   Section     8192  startup_stm32f10x_hd.o(STACK)

    Global Symbols

    Symbol Name                              Value     Ov Type        Size  Object(Section)

    BuildAttributes$$THM_ISAv4$P$D$K$B$S$PE$A:L22UL41UL21$X:L11$S22US41US21$IEEE1$IW$USESV6$~STKCKD$USESV7$~SHL$OTIME$ROPI$EBA8$MICROLIB$REQ8$PRES8$EABIv2 0x00000000   Number         0  anon$$obj.o ABSOLUTE
    __ARM_use_no_argv                        0x00000000   Number         0  main.o ABSOLUTE
    _printf_a                                0x00000000   Number         0  stubs.o ABSOLUTE
    _printf_c                                0x00000000   Number         0  stubs.o ABSOLUTE
    _printf_charcount                        0x00000000   Number         0  stubs.o ABSOLUTE
    _printf_d                                0x00000000   Number         0  stubs.o ABSOLUTE
    _printf_e                                0x00000000   Number         0  stubs.o ABSOLUTE
    _printf_f                                0x00000000   Number         0  stubs.o ABSOLUTE
    _printf_flags                            0x00000000   Number         0  stubs.o ABSOLUTE
    _printf_fp_dec                           0x00000000   Number         0  stubs.o ABSOLUTE
    _printf_fp_hex                           0x00000000   Number         0  stubs.o ABSOLUTE
    _printf_g                                0x00000000   Number         0  stubs.o ABSOLUTE
    _printf_i                                0x00000000   Number         0  stubs.o ABSOLUTE
    _printf_int_dec                          0x00000000   Number         0  stubs.o ABSOLUTE
    _printf_l                                0x00000000   Number         0  stubs.o ABSOLUTE
    _printf_lc                               0x00000000   Number         0  stubs.o ABSOLUTE
    _printf_ll                               0x00000000   Number         0  stubs.o ABSOLUTE
    _printf_lld                              0x00000000   Number         0  stubs.o ABSOLUTE
    _printf_lli                              0x00000000   Number         0  stubs.o ABSOLUTE
    _printf_llo                              0x00000000   Number         0  stubs.o ABSOLUTE
    _printf_llu                              0x00000000   Number         0  stubs.o ABSOLUTE
    _printf_llx                              0x00000000   Number         0  stubs.o ABSOLUTE
    _printf_longlong_dec                     0x00000000   Number         0  stubs.o ABSOLUTE
    _printf_longlong_hex                     0x00000000   Number         0  stubs.o ABSOLUTE
    _printf_longlong_oct                     0x00000000   Number         0  stubs.o ABSOLUTE
    _printf_ls                               0x00000000   Number         0  stubs.o ABSOLUTE
    _printf_mbtowc                           0x00000000   Number         0  stubs.o ABSOLUTE
    _printf_n                                0x00000000   Number         0  stubs.o ABSOLUTE
    _printf_o                                0x00000000   Number         0  stubs.o ABSOLUTE
    _printf_p                                0x00000000   Number         0  stubs.o ABSOLUTE
    _printf_percent                          0x00000000   Number         0  stubs.o ABSOLUTE
    _printf_pre_padding                      0x00000000   Number         0  stubs.o ABSOLUTE
    _printf_return_value                     0x00000000   Number         0  stubs.o ABSOLUTE
    _printf_s                                0x00000000   Number         0  stubs.o ABSOLUTE
    _printf_sizespec                         0x00000000   Number         0  stubs.o ABSOLUTE
    _printf_str                              0x00000000   Number         0  stubs.o ABSOLUTE
    _printf_truncate_signed                  0x00000000   Number         0  stubs.o ABSOLUTE
    _printf_truncate_unsigned                0x00000000   Number         0  stubs.o ABSOLUTE
    _printf_u                                0x00000000   Number         0  stubs.o ABSOLUTE
    _printf_wc                               0x00000000   Number         0  stubs.o ABSOLUTE
    _printf_wctomb                           0x00000000   Number         0  stubs.o ABSOLUTE
    _printf_widthprec                        0x00000000   Number         0  stubs.o ABSOLUTE
    _printf_x                                0x00000000   Number         0  stubs.o ABSOLUTE
    __cpp_initialize__aeabi_                  - Undefined Weak Reference
    __cxa_finalize                            - Undefined Weak Reference
    _clock_init                               - Undefined Weak Reference
    _microlib_exit                            - Undefined Weak Reference
    __Vectors_Size                           0x00000130   Number         0  startup_stm32f10x_hd.o ABSOLUTE
    __Vectors                                0x08000000   Data           4  startup_stm32f10x_hd.o(RESET)
    __Vectors_End                            0x08000130   Data           0  startup_stm32f10x_hd.o(RESET)
    __main                                   0x08000131   Thumb Code     0  entry.o(.ARM.Collect$$$$00000000)
    _main_stk                                0x08000131   Thumb Code     0  entry2.o(.ARM.Collect$$$$00000001)
    _main_scatterload                        0x08000135   Thumb Code     0  entry5.o(.ARM.Collect$$$$00000004)
    __main_after_scatterload                 0x08000139   Thumb Code     0  entry5.o(.ARM.Collect$$$$00000004)
    _main_clock                              0x08000139   Thumb Code     0  entry7b.o(.ARM.Collect$$$$00000008)
    _main_cpp_init                           0x08000139   Thumb Code     0  entry8b.o(.ARM.Collect$$$$0000000A)
    _main_init                               0x08000139   Thumb Code     0  entry9a.o(.ARM.Collect$$$$0000000B)
    __rt_final_cpp                           0x08000141   Thumb Code     0  entry10a.o(.ARM.Collect$$$$0000000D)
    __rt_final_exit                          0x08000141   Thumb Code     0  entry11a.o(.ARM.Collect$$$$0000000F)
    SVC_Handler                              0x08000145   Thumb Code    32  port.o(.emb_text)
    __asm___6_port_c_39a90d8d__prvStartFirstTask 0x08000169   Thumb Code    28  port.o(.emb_text)
    PendSV_Handler                           0x08000189   Thumb Code    72  port.o(.emb_text)
    vPortGetIPSR                             0x080001d5   Thumb Code     6  port.o(.emb_text)
    Reset_Handler                            0x080001dd   Thumb Code     8  startup_stm32f10x_hd.o(.text)
    ADC1_2_IRQHandler                        0x080001f7   Thumb Code     0  startup_stm32f10x_hd.o(.text)
    ADC3_IRQHandler                          0x080001f7   Thumb Code     0  startup_stm32f10x_hd.o(.text)
    CAN1_RX1_IRQHandler                      0x080001f7   Thumb Code     0  startup_stm32f10x_hd.o(.text)
    CAN1_SCE_IRQHandler                      0x080001f7   Thumb Code     0  startup_stm32f10x_hd.o(.text)
    DMA1_Channel1_IRQHandler                 0x080001f7   Thumb Code     0  startup_stm32f10x_hd.o(.text)
    DMA1_Channel2_IRQHandler                 0x080001f7   Thumb Code     0  startup_stm32f10x_hd.o(.text)
    DMA1_Channel3_IRQHandler                 0x080001f7   Thumb Code     0  startup_stm32f10x_hd.o(.text)
    DMA1_Channel4_IRQHandler                 0x080001f7   Thumb Code     0  startup_stm32f10x_hd.o(.text)
    DMA1_Channel5_IRQHandler                 0x080001f7   Thumb Code     0  startup_stm32f10x_hd.o(.text)
    DMA1_Channel6_IRQHandler                 0x080001f7   Thumb Code     0  startup_stm32f10x_hd.o(.text)
    DMA1_Channel7_IRQHandler                 0x080001f7   Thumb Code     0  startup_stm32f10x_hd.o(.text)
    DMA2_Channel1_IRQHandler                 0x080001f7   Thumb Code     0  startup_stm32f10x_hd.o(.text)
    DMA2_Channel2_IRQHandler                 0x080001f7   Thumb Code     0  startup_stm32f10x_hd.o(.text)
    DMA2_Channel3_IRQHandler                 0x080001f7   Thumb Code     0  startup_stm32f10x_hd.o(.text)
    DMA2_Channel4_5_IRQHandler               0x080001f7   Thumb Code     0  startup_stm32f10x_hd.o(.text)
    EXTI0_IRQHandler                         0x080001f7   Thumb Code     0  startup_stm32f10x_hd.o(.text)
    EXTI15_10_IRQHandler                     0x080001f7   Thumb Code     0  startup_stm32f10x_hd.o(.text)
    EXTI1_IRQHandler                         0x080001f7   Thumb Code     0  startup_stm32f10x_hd.o(.text)
    EXTI2_IRQHandler                         0x080001f7   Thumb Code     0  startup_stm32f10x_hd.o(.text)
    EXTI3_IRQHandler                         0x080001f7   Thumb Code     0  startup_stm32f10x_hd.o(.text)
    EXTI4_IRQHandler                         0x080001f7   Thumb Code     0  startup_stm32f10x_hd.o(.text)
    EXTI9_5_IRQHandler                       0x080001f7   Thumb Code     0  startup_stm32f10x_hd.o(.text)
    FLASH_IRQHandler                         0x080001f7   Thumb Code     0  startup_stm32f10x_hd.o(.text)
    FSMC_IRQHandler                          0x080001f7   Thumb Code     0  startup_stm32f10x_hd.o(.text)
    I2C1_ER_IRQHandler                       0x080001f7   Thumb Code     0  startup_stm32f10x_hd.o(.text)
    I2C1_EV_IRQHandler                       0x080001f7   Thumb Code     0  startup_stm32f10x_hd.o(.text)
    I2C2_ER_IRQHandler                       0x080001f7   Thumb Code     0  startup_stm32f10x_hd.o(.text)
    I2C2_EV_IRQHandler                       0x080001f7   Thumb Code     0  startup_stm32f10x_hd.o(.text)
    PVD_IRQHandler                           0x080001f7   Thumb Code     0  startup_stm32f10x_hd.o(.text)
    RCC_IRQHandler                           0x080001f7   Thumb Code     0  startup_stm32f10x_hd.o(.text)
    RTCAlarm_IRQHandler                      0x080001f7   Thumb Code     0  startup_stm32f10x_hd.o(.text)
    RTC_IRQHandler                           0x080001f7   Thumb Code     0  startup_stm32f10x_hd.o(.text)
    SDIO_IRQHandler                          0x080001f7   Thumb Code     0  startup_stm32f10x_hd.o(.text)
    SPI1_IRQHandler                          0x080001f7   Thumb Code     0  startup_stm32f10x_hd.o(.text)
    SPI2_IRQHandler                          0x080001f7   Thumb Code     0  startup_stm32f10x_hd.o(.text)
    SPI3_IRQHandler                          0x080001f7   Thumb Code     0  startup_stm32f10x_hd.o(.text)
    TAMPER_IRQHandler                        0x080001f7   Thumb Code     0  startup_stm32f10x_hd.o(.text)
    TIM1_BRK_IRQHandler                      0x080001f7   Thumb Code     0  startup_stm32f10x_hd.o(.text)
    TIM1_CC_IRQHandler                       0x080001f7   Thumb Code     0  startup_stm32f10x_hd.o(.text)
    TIM1_TRG_COM_IRQHandler                  0x080001f7   Thumb Code     0  startup_stm32f10x_hd.o(.text)
    TIM1_UP_IRQHandler                       0x080001f7   Thumb Code     0  startup_stm32f10x_hd.o(.text)
    TIM2_IRQHandler                          0x080001f7   Thumb Code     0  startup_stm32f10x_hd.o(.text)
    TIM3_IRQHandler                          0x080001f7   Thumb Code     0  startup_stm32f10x_hd.o(.text)
    TIM4_IRQHandler                          0x080001f7   Thumb Code     0  startup_stm32f10x_hd.o(.text)
    TIM5_IRQHandler                          0x080001f7   Thumb Code     0  startup_stm32f10x_hd.o(.text)
    TIM7_IRQHandler                          0x080001f7   Thumb Code     0  startup_stm32f10x_hd.o(.text)
    TIM8_BRK_IRQHandler                      0x080001f7   Thumb Code     0  startup_stm32f10x_hd.o(.text)
    TIM8_CC_IRQHandler                       0x080001f7   Thumb Code     0  startup_stm32f10x_hd.o(.text)
    TIM8_TRG_COM_IRQHandler                  0x080001f7   Thumb Code     0  startup_stm32f10x_hd.o(.text)
    TIM8_UP_IRQHandler                       0x080001f7   Thumb Code     0  startup_stm32f10x_hd.o(.text)
    UART4_IRQHandler                         0x080001f7   Thumb Code     0  startup_stm32f10x_hd.o(.text)
    USBWakeUp_IRQHandler                     0x080001f7   Thumb Code     0  startup_stm32f10x_hd.o(.text)
    USB_HP_CAN1_TX_IRQHandler                0x080001f7   Thumb Code     0  startup_stm32f10x_hd.o(.text)
    USB_LP_CAN1_RX0_IRQHandler               0x080001f7   Thumb Code     0  startup_stm32f10x_hd.o(.text)
    WWDG_IRQHandler                          0x080001f7   Thumb Code     0  startup_stm32f10x_hd.o(.text)
    localtime                                0x08000201   Thumb Code   138  localtime.o(.text)
    __aeabi_memcpy                           0x08000295   Thumb Code    36  memcpya.o(.text)
    __aeabi_memcpy4                          0x08000295   Thumb Code     0  memcpya.o(.text)
    __aeabi_memcpy8                          0x08000295   Thumb Code     0  memcpya.o(.text)
    __aeabi_memset                           0x080002b9   Thumb Code    14  memseta.o(.text)
    __aeabi_memset4                          0x080002b9   Thumb Code     0  memseta.o(.text)
    __aeabi_memset8                          0x080002b9   Thumb Code     0  memseta.o(.text)
    __aeabi_memclr                           0x080002c7   Thumb Code     4  memseta.o(.text)
    __aeabi_memclr4                          0x080002c7   Thumb Code     0  memseta.o(.text)
    __aeabi_memclr8                          0x080002c7   Thumb Code     0  memseta.o(.text)
    _memset$wrapper                          0x080002cb   Thumb Code    18  memseta.o(.text)
    __aeabi_fdiv                             0x080002dd   Thumb Code   124  fdiv.o(.text)
    __aeabi_dadd                             0x08000359   Thumb Code   322  dadd.o(.text)
    __aeabi_dsub                             0x0800049b   Thumb Code     6  dadd.o(.text)
    __aeabi_drsub                            0x080004a1   Thumb Code     6  dadd.o(.text)
    __aeabi_dmul                             0x080004a7   Thumb Code   228  dmul.o(.text)
    __aeabi_ddiv                             0x0800058b   Thumb Code   222  ddiv.o(.text)
    __aeabi_ui2f                             0x08000669   Thumb Code    10  ffltui.o(.text)
    __aeabi_i2d                              0x08000673   Thumb Code    34  dflti.o(.text)
    __aeabi_ui2d                             0x08000695   Thumb Code    26  dfltui.o(.text)
    __aeabi_f2d                              0x080006af   Thumb Code    38  f2d.o(.text)
    __aeabi_cdrcmple                         0x080006d5   Thumb Code    48  cdrcmple.o(.text)
    __aeabi_d2f                              0x08000705   Thumb Code    56  d2f.o(.text)
    __aeabi_cfrcmple                         0x0800073d   Thumb Code    20  cfrcmple.o(.text)
    __aeabi_uidiv                            0x08000751   Thumb Code     0  uidiv.o(.text)
    __aeabi_uidivmod                         0x08000751   Thumb Code    44  uidiv.o(.text)
    __aeabi_uldivmod                         0x0800077d   Thumb Code    98  uldiv.o(.text)
    __aeabi_llsl                             0x080007df   Thumb Code    30  llshl.o(.text)
    _ll_shift_l                              0x080007df   Thumb Code     0  llshl.o(.text)
    __aeabi_llsr                             0x080007fd   Thumb Code    32  llushr.o(.text)
    _ll_ushift_r                             0x080007fd   Thumb Code     0  llushr.o(.text)
    __aeabi_lasr                             0x0800081d   Thumb Code    36  llsshr.o(.text)
    _ll_sshift_r                             0x0800081d   Thumb Code     0  llsshr.o(.text)
    __I$use$fp                               0x08000841   Thumb Code     0  iusefp.o(.text)
    _float_round                             0x08000841   Thumb Code    18  fepilogue.o(.text)
    _float_epilogue                          0x08000853   Thumb Code    92  fepilogue.o(.text)
    _double_round                            0x080008af   Thumb Code    30  depilogue.o(.text)
    _double_epilogue                         0x080008cd   Thumb Code   156  depilogue.o(.text)
    __aeabi_d2ulz                            0x08000969   Thumb Code    48  dfixul.o(.text)
    __scatterload                            0x08000999   Thumb Code    28  init.o(.text)
    __scatterload_rt2                        0x08000999   Thumb Code     0  init.o(.text)
    __decompress                             0x080009bd   Thumb Code     0  __dczerorl2.o(.text)
    __decompress1                            0x080009bd   Thumb Code    86  __dczerorl2.o(.text)
    ADC_Cmd                                  0x08000a13   Thumb Code    22  stm32f10x_adc.o(i.ADC_Cmd)
    ADC_DMACmd                               0x08000a29   Thumb Code    22  stm32f10x_adc.o(i.ADC_DMACmd)
    ADC_GetCalibrationStatus                 0x08000a3f   Thumb Code    20  stm32f10x_adc.o(i.ADC_GetCalibrationStatus)
    ADC_GetConversionValue                   0x08000a53   Thumb Code     8  stm32f10x_adc.o(i.ADC_GetConversionValue)
    ADC_GetFlagStatus                        0x08000a5b   Thumb Code    18  stm32f10x_adc.o(i.ADC_GetFlagStatus)
    ADC_GetResetCalibrationStatus            0x08000a6d   Thumb Code    20  stm32f10x_adc.o(i.ADC_GetResetCalibrationStatus)
    ADC_Init                                 0x08000a81   Thumb Code    70  stm32f10x_adc.o(i.ADC_Init)
    ADC_RegularChannelConfig                 0x08000ad1   Thumb Code   184  stm32f10x_adc.o(i.ADC_RegularChannelConfig)
    ADC_ResetCalibration                     0x08000b89   Thumb Code    10  stm32f10x_adc.o(i.ADC_ResetCalibration)
    ADC_SoftwareStartConvCmd                 0x08000b93   Thumb Code    22  stm32f10x_adc.o(i.ADC_SoftwareStartConvCmd)
    ADC_StartCalibration                     0x08000ba9   Thumb Code    10  stm32f10x_adc.o(i.ADC_StartCalibration)
    BH1750_I2C_ReceiveAck                    0x08000bb5   Thumb Code    76  myi2c_bh1750.o(i.BH1750_I2C_ReceiveAck)
    BH1750_I2C_ReceiveByte                   0x08000c05   Thumb Code    96  myi2c_bh1750.o(i.BH1750_I2C_ReceiveByte)
    BH1750_I2C_SendAck                       0x08000c69   Thumb Code    90  myi2c_bh1750.o(i.BH1750_I2C_SendAck)
    BH1750_I2C_SendByte                      0x08000cc9   Thumb Code   100  myi2c_bh1750.o(i.BH1750_I2C_SendByte)
    BH1750_I2C_Start                         0x08000d69   Thumb Code    52  myi2c_bh1750.o(i.BH1750_I2C_Start)
    BH1750_I2C_Stop                          0x08000da1   Thumb Code    60  myi2c_bh1750.o(i.BH1750_I2C_Stop)
    BH1750_Sensor_Init                       0x08000de1   Thumb Code    30  myi2c_bh1750.o(i.BH1750_Sensor_Init)
    BH1750_Sensor_ReadLight                  0x08000e01   Thumb Code    92  myi2c_bh1750.o(i.BH1750_Sensor_ReadLight)
    BH1750_SoftI2C_Init                      0x08000e65   Thumb Code    54  myi2c_bh1750.o(i.BH1750_SoftI2C_Init)
    BKP_DeInit                               0x08000ea1   Thumb Code    16  stm32f10x_bkp.o(i.BKP_DeInit)
    BKP_ReadBackupRegister                   0x08000eb1   Thumb Code    24  stm32f10x_bkp.o(i.BKP_ReadBackupRegister)
    BKP_WriteBackupRegister                  0x08000ecd   Thumb Code    22  stm32f10x_bkp.o(i.BKP_WriteBackupRegister)
    Bh1750Task                               0x08000ee9   Thumb Code    58  main.o(i.Bh1750Task)
    BusFault_Handler                         0x08000f29   Thumb Code     4  stm32f10x_it.o(i.BusFault_Handler)
    DMA_Cmd                                  0x08000f2d   Thumb Code    24  stm32f10x_dma.o(i.DMA_Cmd)
    DMA_DeInit                               0x08000f45   Thumb Code   324  stm32f10x_dma.o(i.DMA_DeInit)
    DMA_Init                                 0x08001091   Thumb Code    60  stm32f10x_dma.o(i.DMA_Init)
    DebugMon_Handler                         0x080010cd   Thumb Code     2  stm32f10x_it.o(i.DebugMon_Handler)
    Delay_nms                                0x080010cf   Thumb Code   192  delay.o(i.Delay_nms)
    Delay_nus                                0x0800118f   Thumb Code   170  delay.o(i.Delay_nus)
    Dht11Task                                0x08001239   Thumb Code    66  main.o(i.Dht11Task)
    Dht11_Init                               0x08001285   Thumb Code    44  dht11.o(i.Dht11_Init)
    Dht11_ReadData                           0x080012b5   Thumb Code   586  dht11.o(i.Dht11_ReadData)
    GPIO_Init                                0x08001529   Thumb Code   278  stm32f10x_gpio.o(i.GPIO_Init)
    GPIO_ReadInputDataBit                    0x0800163f   Thumb Code    18  stm32f10x_gpio.o(i.GPIO_ReadInputDataBit)
    GPIO_ResetBits                           0x08001651   Thumb Code     4  stm32f10x_gpio.o(i.GPIO_ResetBits)
    GPIO_SetBits                             0x08001655   Thumb Code     4  stm32f10x_gpio.o(i.GPIO_SetBits)
    GPIO_WriteBit                            0x08001659   Thumb Code    10  stm32f10x_gpio.o(i.GPIO_WriteBit)
    HardFault_Handler                        0x08001663   Thumb Code     4  stm32f10x_it.o(i.HardFault_Handler)
    KEY_Init                                 0x08001669   Thumb Code    58  key.o(i.KEY_Init)
    KEY_Scan                                 0x080016c9   Thumb Code   154  key.o(i.KEY_Scan)
    KeyTask                                  0x0800176d   Thumb Code    60  main.o(i.KeyTask)
    KqmTask                                  0x080017e9   Thumb Code   194  main.o(i.KqmTask)
    Kqm_Init                                 0x080018e1   Thumb Code   174  kqm.o(i.Kqm_Init)
    Kqm_ReadData                             0x08001999   Thumb Code   198  kqm.o(i.Kqm_ReadData)
    LCDTask                                  0x08001abd   Thumb Code   210  main.o(i.LCDTask)
    LED1Task                                 0x08001c35   Thumb Code    68  main.o(i.LED1Task)
    Led_Init                                 0x08001c81   Thumb Code    74  led.o(i.Led_Init)
    LightTask                                0x08001cd1   Thumb Code    62  main.o(i.LightTask)
    Light_Init                               0x08001d19   Thumb Code   276  light.o(i.Light_Init)
    Light_ReadData                           0x08001e41   Thumb Code    54  light.o(i.Light_ReadData)
    MemManage_Handler                        0x08001e81   Thumb Code     4  stm32f10x_it.o(i.MemManage_Handler)
    NMI_Handler                              0x08001e85   Thumb Code     2  stm32f10x_it.o(i.NMI_Handler)
    NVIC_Init                                0x08001e89   Thumb Code   100  misc.o(i.NVIC_Init)
    NVIC_PriorityGroupConfig                 0x08001ef9   Thumb Code    10  misc.o(i.NVIC_PriorityGroupConfig)
    PWR_BackupAccessCmd                      0x08001f0d   Thumb Code     6  stm32f10x_pwr.o(i.PWR_BackupAccessCmd)
    RCC_ADCCLKConfig                         0x08001f19   Thumb Code    18  stm32f10x_rcc.o(i.RCC_ADCCLKConfig)
    RCC_AHBPeriphClockCmd                    0x08001f31   Thumb Code    26  stm32f10x_rcc.o(i.RCC_AHBPeriphClockCmd)
    RCC_APB1PeriphClockCmd                   0x08001f51   Thumb Code    26  stm32f10x_rcc.o(i.RCC_APB1PeriphClockCmd)
    RCC_APB2PeriphClockCmd                   0x08001f71   Thumb Code    26  stm32f10x_rcc.o(i.RCC_APB2PeriphClockCmd)
    RCC_BackupResetCmd                       0x08001f91   Thumb Code     6  stm32f10x_rcc.o(i.RCC_BackupResetCmd)
    RCC_GetClocksFreq                        0x08001f9d   Thumb Code   192  stm32f10x_rcc.o(i.RCC_GetClocksFreq)
    RCC_GetFlagStatus                        0x08002071   Thumb Code    56  stm32f10x_rcc.o(i.RCC_GetFlagStatus)
    RCC_LSICmd                               0x080020ad   Thumb Code     6  stm32f10x_rcc.o(i.RCC_LSICmd)
    RCC_RTCCLKCmd                            0x080020b9   Thumb Code     6  stm32f10x_rcc.o(i.RCC_RTCCLKCmd)
    RCC_RTCCLKConfig                         0x080020c5   Thumb Code    12  stm32f10x_rcc.o(i.RCC_RTCCLKConfig)
    RTC_ClearFlag                            0x080020d5   Thumb Code    12  stm32f10x_rtc.o(i.RTC_ClearFlag)
    RTC_EnterConfigMode                      0x080020e5   Thumb Code    14  stm32f10x_rtc.o(i.RTC_EnterConfigMode)
    RTC_ExitConfigMode                       0x080020f9   Thumb Code    16  stm32f10x_rtc.o(i.RTC_ExitConfigMode)
    RTC_GetCounter                           0x0800210d   Thumb Code    16  stm32f10x_rtc.o(i.RTC_GetCounter)
    RTC_GetFlagStatus                        0x08002121   Thumb Code    20  stm32f10x_rtc.o(i.RTC_GetFlagStatus)
    RTC_GetTime                              0x08002139   Thumb Code    20  rtc.o(i.RTC_GetTime)
    RTC_Init                                 0x08002151   Thumb Code   156  rtc.o(i.RTC_Init)
    RTC_SetCounter                           0x0800223d   Thumb Code    24  stm32f10x_rtc.o(i.RTC_SetCounter)
    RTC_SetPrescaler                         0x08002259   Thumb Code    26  stm32f10x_rtc.o(i.RTC_SetPrescaler)
    RTC_Task                                 0x08002279   Thumb Code   136  main.o(i.RTC_Task)
    Su03t_Init                               0x08002481   Thumb Code   176  su_03t.o(i.Su03t_Init)
    SysTick_Handler                          0x0800253d   Thumb Code    46  port.o(i.SysTick_Handler)
    SystemInit                               0x08002571   Thumb Code    78  system_stm32f10x.o(i.SystemInit)
    TIM6_IRQHandler                          0x080025d1   Thumb Code    32  tim.o(i.TIM6_IRQHandler)
    TIM_ClearITPendingBit                    0x080025f9   Thumb Code     6  stm32f10x_tim.o(i.TIM_ClearITPendingBit)
    TIM_Cmd                                  0x080025ff   Thumb Code    24  stm32f10x_tim.o(i.TIM_Cmd)
    TIM_GetITStatus                          0x08002617   Thumb Code    34  stm32f10x_tim.o(i.TIM_GetITStatus)
    TIM_ITConfig                             0x08002639   Thumb Code    18  stm32f10x_tim.o(i.TIM_ITConfig)
    TIM_Init                                 0x0800264d   Thumb Code    96  tim.o(i.TIM_Init)
    TIM_TimeBaseInit                         0x080026b1   Thumb Code   122  stm32f10x_tim.o(i.TIM_TimeBaseInit)
    UART5_IRQHandler                         0x08002755   Thumb Code   102  su_03t.o(i.UART5_IRQHandler)
    USART1_IRQHandler                        0x080027c5   Thumb Code   126  usart1.o(i.USART1_IRQHandler)
    USART1_Init                              0x0800284d   Thumb Code   172  usart1.o(i.USART1_Init)
    USART1_SendByte                          0x08002901   Thumb Code    42  usart1.o(i.USART1_SendByte)
    USART2_IRQHandler                        0x08002931   Thumb Code   130  kqm.o(i.USART2_IRQHandler)
    USART3_IRQHandler                        0x080029c5   Thumb Code   120  esp8266.o(i.USART3_IRQHandler)
    USART_ClearITPendingBit                  0x08002a49   Thumb Code    30  stm32f10x_usart.o(i.USART_ClearITPendingBit)
    USART_Cmd                                0x08002a67   Thumb Code    24  stm32f10x_usart.o(i.USART_Cmd)
    USART_GetFlagStatus                      0x08002a7f   Thumb Code    26  stm32f10x_usart.o(i.USART_GetFlagStatus)
    USART_GetITStatus                        0x08002a99   Thumb Code    84  stm32f10x_usart.o(i.USART_GetITStatus)
    USART_ITConfig                           0x08002aed   Thumb Code    74  stm32f10x_usart.o(i.USART_ITConfig)
    USART_Init                               0x08002b39   Thumb Code   210  stm32f10x_usart.o(i.USART_Init)
    USART_ReceiveData                        0x08002c11   Thumb Code    10  stm32f10x_usart.o(i.USART_ReceiveData)
    USART_SendData                           0x08002c1b   Thumb Code     8  stm32f10x_usart.o(i.USART_SendData)
    UsageFault_Handler                       0x08002c23   Thumb Code     4  stm32f10x_it.o(i.UsageFault_Handler)
    __0printf                                0x08002c29   Thumb Code    22  printfa.o(i.__0printf)
    __1printf                                0x08002c29   Thumb Code     0  printfa.o(i.__0printf)
    __2printf                                0x08002c29   Thumb Code     0  printfa.o(i.__0printf)
    __c89printf                              0x08002c29   Thumb Code     0  printfa.o(i.__0printf)
    printf                                   0x08002c29   Thumb Code     0  printfa.o(i.__0printf)
    __scatterload_copy                       0x08002c49   Thumb Code    14  handlers.o(i.__scatterload_copy)
    __scatterload_null                       0x08002c57   Thumb Code     2  handlers.o(i.__scatterload_null)
    __scatterload_zeroinit                   0x08002c59   Thumb Code    14  handlers.o(i.__scatterload_zeroinit)
    fputc                                    0x0800351b   Thumb Code    16  usart1.o(i.fputc)
    main                                     0x0800352d   Thumb Code   276  main.o(i.main)
    pvPortMalloc                             0x08004065   Thumb Code   188  heap_4.o(i.pvPortMalloc)
    pvTaskIncrementMutexHeldCount            0x08004135   Thumb Code    26  tasks.o(i.pvTaskIncrementMutexHeldCount)
    pxPortInitialiseStack                    0x08004155   Thumb Code    30  port.o(i.pxPortInitialiseStack)
    uxListRemove                             0x08004179   Thumb Code    40  list.o(i.uxListRemove)
    uxTaskResetEventItemValue                0x080041a1   Thumb Code    24  tasks.o(i.uxTaskResetEventItemValue)
    vApplicationStackOverflowHook            0x080041bd   Thumb Code     4  main.o(i.vApplicationStackOverflowHook)
    vListInitialise                          0x080041c1   Thumb Code    26  list.o(i.vListInitialise)
    vListInitialiseItem                      0x080041db   Thumb Code     6  list.o(i.vListInitialiseItem)
    vListInsert                              0x080041e1   Thumb Code    52  list.o(i.vListInsert)
    vListInsertEnd                           0x08004215   Thumb Code    24  list.o(i.vListInsertEnd)
    vPortEnterCritical                       0x0800422d   Thumb Code    30  port.o(i.vPortEnterCritical)
    vPortExitCritical                        0x08004251   Thumb Code    28  port.o(i.vPortExitCritical)
    vPortFree                                0x08004271   Thumb Code    64  heap_4.o(i.vPortFree)
    vPortSetupTimerInterrupt                 0x080042b9   Thumb Code    20  port.o(i.vPortSetupTimerInterrupt)
    vQueueAddToRegistry                      0x080042d1   Thumb Code    38  queue.o(i.vQueueAddToRegistry)
    vQueueWaitForMessageRestricted           0x080042fd   Thumb Code    74  queue.o(i.vQueueWaitForMessageRestricted)
    vTaskDelay                               0x08004349   Thumb Code    46  tasks.o(i.vTaskDelay)
    vTaskInternalSetTimeOutState             0x0800437d   Thumb Code    14  tasks.o(i.vTaskInternalSetTimeOutState)
    vTaskMissedYield                         0x08004395   Thumb Code     8  tasks.o(i.vTaskMissedYield)
    vTaskPlaceOnEventList                    0x080043a1   Thumb Code    28  tasks.o(i.vTaskPlaceOnEventList)
    vTaskPlaceOnEventListRestricted          0x080043c1   Thumb Code    36  tasks.o(i.vTaskPlaceOnEventListRestricted)
    vTaskPlaceOnUnorderedEventList           0x080043e9   Thumb Code    40  tasks.o(i.vTaskPlaceOnUnorderedEventList)
    vTaskPriorityDisinheritAfterTimeout      0x08004415   Thumb Code   166  tasks.o(i.vTaskPriorityDisinheritAfterTimeout)
    vTaskRemoveFromUnorderedEventList        0x080044c5   Thumb Code    82  tasks.o(i.vTaskRemoveFromUnorderedEventList)
    vTaskStartScheduler                      0x08004529   Thumb Code    82  tasks.o(i.vTaskStartScheduler)
    vTaskSuspendAll                          0x08004599   Thumb Code    12  tasks.o(i.vTaskSuspendAll)
    vTaskSwitchContext                       0x080045a9   Thumb Code   106  tasks.o(i.vTaskSwitchContext)
    xEventGroupClearBits                     0x08004629   Thumb Code    32  event_groups.o(i.xEventGroupClearBits)
    xEventGroupCreate                        0x08004649   Thumb Code    26  event_groups.o(i.xEventGroupCreate)
    xEventGroupSetBits                       0x08004663   Thumb Code   146  event_groups.o(i.xEventGroupSetBits)
    xEventGroupWaitBits                      0x080046f5   Thumb Code   198  event_groups.o(i.xEventGroupWaitBits)
    xPortStartScheduler                      0x080047c1   Thumb Code    42  port.o(i.xPortStartScheduler)
    xQueueGenericCreate                      0x080047f5   Thumb Code    58  queue.o(i.xQueueGenericCreate)
    xQueueGenericReset                       0x08004831   Thumb Code   122  queue.o(i.xQueueGenericReset)
    xQueueGenericSend                        0x080048b1   Thumb Code   324  queue.o(i.xQueueGenericSend)
    xQueueGenericSendFromISR                 0x080049f9   Thumb Code   156  queue.o(i.xQueueGenericSendFromISR)
    xQueueGiveFromISR                        0x08004a95   Thumb Code   142  queue.o(i.xQueueGiveFromISR)
    xQueueReceive                            0x08004b25   Thumb Code   256  queue.o(i.xQueueReceive)
    xQueueSemaphoreTake                      0x08004c29   Thumb Code   300  queue.o(i.xQueueSemaphoreTake)
    xTaskCheckForTimeOut                     0x08004d59   Thumb Code    84  tasks.o(i.xTaskCheckForTimeOut)
    xTaskCreate                              0x08004db5   Thumb Code    96  tasks.o(i.xTaskCreate)
    xTaskGetSchedulerState                   0x08004e15   Thumb Code    24  tasks.o(i.xTaskGetSchedulerState)
    xTaskGetTickCount                        0x08004e35   Thumb Code     6  tasks.o(i.xTaskGetTickCount)
    xTaskIncrementTick                       0x08004e41   Thumb Code   238  tasks.o(i.xTaskIncrementTick)
    xTaskPriorityDisinherit                  0x08004f5d   Thumb Code   122  tasks.o(i.xTaskPriorityDisinherit)
    xTaskPriorityInherit                     0x08004fe1   Thumb Code   186  tasks.o(i.xTaskPriorityInherit)
    xTaskRemoveFromEventList                 0x080050a9   Thumb Code   104  tasks.o(i.xTaskRemoveFromEventList)
    xTaskResumeAll                           0x08005129   Thumb Code   196  tasks.o(i.xTaskResumeAll)
    xTimerCreateTimerTask                    0x08005211   Thumb Code    40  timers.o(i.xTimerCreateTimerTask)
    xTimerGenericCommand                     0x0800524d   Thumb Code   104  timers.o(i.xTimerGenericCommand)
    Region$$Table$$Base                      0x080052c4   Number         0  anon$$obj.o(Region$$Table)
    Region$$Table$$Limit                     0x080052e4   Number         0  anon$$obj.o(Region$$Table)
    Led1TaskHandle                           0x20000014   Data           4  main.o(.data)
    Led2TaskHandle                           0x20000018   Data           4  main.o(.data)
    Led3TaskHandle                           0x2000001c   Data           4  main.o(.data)
    Led4TaskHandle                           0x20000020   Data           4  main.o(.data)
    KeyTaskHandle                            0x20000024   Data           4  main.o(.data)
    RTC_TaskHandle                           0x20000028   Data           4  main.o(.data)
    Dht11TaskHandle                          0x2000002c   Data           4  main.o(.data)
    KqmTaskHandle                            0x20000030   Data           4  main.o(.data)
    LightTaskHandle                          0x20000034   Data           4  main.o(.data)
    Bh1750TaskHandle                         0x20000038   Data           4  main.o(.data)
    LCDTaskHandle                            0x2000003c   Data           4  main.o(.data)
    xQueue1                                  0x20000040   Data           4  main.o(.data)
    xSemaphore1                              0x20000044   Data           4  main.o(.data)
    myevent_group                            0x20000048   Data           4  main.o(.data)
    ESP_APTaskHandle                         0x2000004c   Data           4  main.o(.data)
    MQTT_REQTaskHandle                       0x20000050   Data           4  main.o(.data)
    MQTT_PARSETaskHandle                     0x20000054   Data           4  main.o(.data)
    su03t                                    0x20000088   Data           6  su_03t.o(.data)
    dht                                      0x20000090   Data           8  dht11.o(.data)
    info                                     0x20000098   Data           4  rtc.o(.data)
    addbuff                                  0x2000009c   Data           4  light.o(.data)
    light_val                                0x200000a0   Data           2  light.o(.data)
    wifi                                     0x200000a4   Data         100  esp8266.o(.data)
    esp                                      0x20000108   Data         516  esp8266.o(.data)
    num                                      0x2000030c   Data           1  esp8266.o(.data)
    sys_ms                                   0x20000316   Data           2  tim.o(.data)
    pxCurrentTCB                             0x20000318   Data           4  tasks.o(.data)
    __stdout                                 0x20000384   Data           4  stdout.o(.data)
    kqm                                      0x20000388   Data          32  kqm.o(.bss)
    usart1_data                              0x200003a8   Data         260  usart1.o(.bss)
    xQueueRegistry                           0x200004ac   Data          80  queue.o(.bss)
    __initial_sp                             0x20006a18   Data           0  startup_stm32f10x_hd.o(STACK)



==============================================================================

Memory Map of the image

  Image Entry point : 0x08000131

  Load Region LR_IROM1 (Base: 0x08000000, Size: 0x0000566c, Max: 0x00080000, ABSOLUTE, COMPRESSED[0x00005334])

    Execution Region ER_IROM1 (Exec base: 0x08000000, Load base: 0x08000000, Size: 0x000052e4, Max: 0x00080000, ABSOLUTE)

    Exec Addr    Load Addr    Size         Type   Attr      Idx    E Section Name        Object

    0x08000000   0x08000000   0x00000130   Data   RO         3344    RESET               startup_stm32f10x_hd.o
    0x08000130   0x08000130   0x00000000   Code   RO         6802  * .ARM.Collect$$$$00000000  mc_w.l(entry.o)
    0x08000130   0x08000130   0x00000004   Code   RO         7110    .ARM.Collect$$$$00000001  mc_w.l(entry2.o)
    0x08000134   0x08000134   0x00000004   Code   RO         7113    .ARM.Collect$$$$00000004  mc_w.l(entry5.o)
    0x08000138   0x08000138   0x00000000   Code   RO         7115    .ARM.Collect$$$$00000008  mc_w.l(entry7b.o)
    0x08000138   0x08000138   0x00000000   Code   RO         7117    .ARM.Collect$$$$0000000A  mc_w.l(entry8b.o)
    0x08000138   0x08000138   0x00000008   Code   RO         7118    .ARM.Collect$$$$0000000B  mc_w.l(entry9a.o)
    0x08000140   0x08000140   0x00000000   Code   RO         7120    .ARM.Collect$$$$0000000D  mc_w.l(entry10a.o)
    0x08000140   0x08000140   0x00000000   Code   RO         7122    .ARM.Collect$$$$0000000F  mc_w.l(entry11a.o)
    0x08000140   0x08000140   0x00000004   Code   RO         7111    .ARM.Collect$$$$00002712  mc_w.l(entry2.o)
    0x08000144   0x08000144   0x00000096   Code   RO         6722    .emb_text           port.o
    0x080001da   0x080001da   0x00000002   PAD
    0x080001dc   0x080001dc   0x00000024   Code   RO         3345    .text               startup_stm32f10x_hd.o
    0x08000200   0x08000200   0x00000094   Code   RO         6805    .text               mc_w.l(localtime.o)
    0x08000294   0x08000294   0x00000024   Code   RO         6809    .text               mc_w.l(memcpya.o)
    0x080002b8   0x080002b8   0x00000024   Code   RO         6811    .text               mc_w.l(memseta.o)
    0x080002dc   0x080002dc   0x0000007c   Code   RO         7086    .text               mf_w.l(fdiv.o)
    0x08000358   0x08000358   0x0000014e   Code   RO         7088    .text               mf_w.l(dadd.o)
    0x080004a6   0x080004a6   0x000000e4   Code   RO         7090    .text               mf_w.l(dmul.o)
    0x0800058a   0x0800058a   0x000000de   Code   RO         7092    .text               mf_w.l(ddiv.o)
    0x08000668   0x08000668   0x0000000a   Code   RO         7094    .text               mf_w.l(ffltui.o)
    0x08000672   0x08000672   0x00000022   Code   RO         7096    .text               mf_w.l(dflti.o)
    0x08000694   0x08000694   0x0000001a   Code   RO         7098    .text               mf_w.l(dfltui.o)
    0x080006ae   0x080006ae   0x00000026   Code   RO         7102    .text               mf_w.l(f2d.o)
    0x080006d4   0x080006d4   0x00000030   Code   RO         7104    .text               mf_w.l(cdrcmple.o)
    0x08000704   0x08000704   0x00000038   Code   RO         7106    .text               mf_w.l(d2f.o)
    0x0800073c   0x0800073c   0x00000014   Code   RO         7108    .text               mf_w.l(cfrcmple.o)
    0x08000750   0x08000750   0x0000002c   Code   RO         7125    .text               mc_w.l(uidiv.o)
    0x0800077c   0x0800077c   0x00000062   Code   RO         7127    .text               mc_w.l(uldiv.o)
    0x080007de   0x080007de   0x0000001e   Code   RO         7129    .text               mc_w.l(llshl.o)
    0x080007fc   0x080007fc   0x00000020   Code   RO         7131    .text               mc_w.l(llushr.o)
    0x0800081c   0x0800081c   0x00000024   Code   RO         7133    .text               mc_w.l(llsshr.o)
    0x08000840   0x08000840   0x00000000   Code   RO         7144    .text               mc_w.l(iusefp.o)
    0x08000840   0x08000840   0x0000006e   Code   RO         7145    .text               mf_w.l(fepilogue.o)
    0x080008ae   0x080008ae   0x000000ba   Code   RO         7147    .text               mf_w.l(depilogue.o)
    0x08000968   0x08000968   0x00000030   Code   RO         7149    .text               mf_w.l(dfixul.o)
    0x08000998   0x08000998   0x00000024   Code   RO         7151    .text               mc_w.l(init.o)
    0x080009bc   0x080009bc   0x00000056   Code   RO         7193    .text               mc_w.l(__dczerorl2.o)
    0x08000a12   0x08000a12   0x00000016   Code   RO          156    i.ADC_Cmd           stm32f10x_adc.o
    0x08000a28   0x08000a28   0x00000016   Code   RO          157    i.ADC_DMACmd        stm32f10x_adc.o
    0x08000a3e   0x08000a3e   0x00000014   Code   RO          164    i.ADC_GetCalibrationStatus  stm32f10x_adc.o
    0x08000a52   0x08000a52   0x00000008   Code   RO          165    i.ADC_GetConversionValue  stm32f10x_adc.o
    0x08000a5a   0x08000a5a   0x00000012   Code   RO          167    i.ADC_GetFlagStatus  stm32f10x_adc.o
    0x08000a6c   0x08000a6c   0x00000014   Code   RO          170    i.ADC_GetResetCalibrationStatus  stm32f10x_adc.o
    0x08000a80   0x08000a80   0x00000050   Code   RO          174    i.ADC_Init          stm32f10x_adc.o
    0x08000ad0   0x08000ad0   0x000000b8   Code   RO          178    i.ADC_RegularChannelConfig  stm32f10x_adc.o
    0x08000b88   0x08000b88   0x0000000a   Code   RO          179    i.ADC_ResetCalibration  stm32f10x_adc.o
    0x08000b92   0x08000b92   0x00000016   Code   RO          181    i.ADC_SoftwareStartConvCmd  stm32f10x_adc.o
    0x08000ba8   0x08000ba8   0x0000000a   Code   RO          183    i.ADC_StartCalibration  stm32f10x_adc.o
    0x08000bb2   0x08000bb2   0x00000002   PAD
    0x08000bb4   0x08000bb4   0x00000050   Code   RO         4723    i.BH1750_I2C_ReceiveAck  myi2c_bh1750.o
    0x08000c04   0x08000c04   0x00000064   Code   RO         4724    i.BH1750_I2C_ReceiveByte  myi2c_bh1750.o
    0x08000c68   0x08000c68   0x00000060   Code   RO         4725    i.BH1750_I2C_SendAck  myi2c_bh1750.o
    0x08000cc8   0x08000cc8   0x00000068   Code   RO         4726    i.BH1750_I2C_SendByte  myi2c_bh1750.o
    0x08000d30   0x08000d30   0x00000038   Code   RO         4727    i.BH1750_I2C_SendCommand  myi2c_bh1750.o
    0x08000d68   0x08000d68   0x00000038   Code   RO         4728    i.BH1750_I2C_Start  myi2c_bh1750.o
    0x08000da0   0x08000da0   0x00000040   Code   RO         4729    i.BH1750_I2C_Stop   myi2c_bh1750.o
    0x08000de0   0x08000de0   0x0000001e   Code   RO         4730    i.BH1750_Sensor_Init  myi2c_bh1750.o
    0x08000dfe   0x08000dfe   0x00000002   PAD
    0x08000e00   0x08000e00   0x00000064   Code   RO         4731    i.BH1750_Sensor_ReadLight  myi2c_bh1750.o
    0x08000e64   0x08000e64   0x0000003c   Code   RO         4735    i.BH1750_SoftI2C_Init  myi2c_bh1750.o
    0x08000ea0   0x08000ea0   0x00000010   Code   RO          386    i.BKP_DeInit        stm32f10x_bkp.o
    0x08000eb0   0x08000eb0   0x0000001c   Code   RO          391    i.BKP_ReadBackupRegister  stm32f10x_bkp.o
    0x08000ecc   0x08000ecc   0x0000001c   Code   RO          395    i.BKP_WriteBackupRegister  stm32f10x_bkp.o
    0x08000ee8   0x08000ee8   0x00000040   Code   RO         3799    i.Bh1750Task        main.o
    0x08000f28   0x08000f28   0x00000004   Code   RO         4050    i.BusFault_Handler  stm32f10x_it.o
    0x08000f2c   0x08000f2c   0x00000018   Code   RO          925    i.DMA_Cmd           stm32f10x_dma.o
    0x08000f44   0x08000f44   0x0000014c   Code   RO          926    i.DMA_DeInit        stm32f10x_dma.o
    0x08001090   0x08001090   0x0000003c   Code   RO          931    i.DMA_Init          stm32f10x_dma.o
    0x080010cc   0x080010cc   0x00000002   Code   RO         4051    i.DebugMon_Handler  stm32f10x_it.o
    0x080010ce   0x080010ce   0x000000c0   Code   RO         4187    i.Delay_nms         delay.o
    0x0800118e   0x0800118e   0x000000aa   Code   RO         4188    i.Delay_nus         delay.o
    0x08001238   0x08001238   0x0000004c   Code   RO         3800    i.Dht11Task         main.o
    0x08001284   0x08001284   0x00000030   Code   RO         4549    i.Dht11_Init        dht11.o
    0x080012b4   0x080012b4   0x00000274   Code   RO         4550    i.Dht11_ReadData    dht11.o
    0x08001528   0x08001528   0x00000116   Code   RO         1397    i.GPIO_Init         stm32f10x_gpio.o
    0x0800163e   0x0800163e   0x00000012   Code   RO         1401    i.GPIO_ReadInputDataBit  stm32f10x_gpio.o
    0x08001650   0x08001650   0x00000004   Code   RO         1404    i.GPIO_ResetBits    stm32f10x_gpio.o
    0x08001654   0x08001654   0x00000004   Code   RO         1405    i.GPIO_SetBits      stm32f10x_gpio.o
    0x08001658   0x08001658   0x0000000a   Code   RO         1408    i.GPIO_WriteBit     stm32f10x_gpio.o
    0x08001662   0x08001662   0x00000004   Code   RO         4052    i.HardFault_Handler  stm32f10x_it.o
    0x08001666   0x08001666   0x00000002   PAD
    0x08001668   0x08001668   0x00000044   Code   RO         4220    i.KEY_Init          key.o
    0x080016ac   0x080016ac   0x0000001c   Code   RO         4221    i.KEY_ReadPin       key.o
    0x080016c8   0x080016c8   0x000000a4   Code   RO         4222    i.KEY_Scan          key.o
    0x0800176c   0x0800176c   0x0000007c   Code   RO         3802    i.KeyTask           main.o
    0x080017e8   0x080017e8   0x000000f8   Code   RO         3803    i.KqmTask           main.o
    0x080018e0   0x080018e0   0x000000b8   Code   RO         4397    i.Kqm_Init          kqm.o
    0x08001998   0x08001998   0x00000124   Code   RO         4398    i.Kqm_ReadData      kqm.o
    0x08001abc   0x08001abc   0x00000178   Code   RO         3804    i.LCDTask           main.o
    0x08001c34   0x08001c34   0x0000004c   Code   RO         3805    i.LED1Task          main.o
    0x08001c80   0x08001c80   0x00000050   Code   RO         4267    i.Led_Init          led.o
    0x08001cd0   0x08001cd0   0x00000048   Code   RO         3809    i.LightTask         main.o
    0x08001d18   0x08001d18   0x00000128   Code   RO         5261    i.Light_Init        light.o
    0x08001e40   0x08001e40   0x00000040   Code   RO         5262    i.Light_ReadData    light.o
    0x08001e80   0x08001e80   0x00000004   Code   RO         4053    i.MemManage_Handler  stm32f10x_it.o
    0x08001e84   0x08001e84   0x00000002   Code   RO         4054    i.NMI_Handler       stm32f10x_it.o
    0x08001e86   0x08001e86   0x00000002   PAD
    0x08001e88   0x08001e88   0x00000070   Code   RO            4    i.NVIC_Init         misc.o
    0x08001ef8   0x08001ef8   0x00000014   Code   RO            5    i.NVIC_PriorityGroupConfig  misc.o
    0x08001f0c   0x08001f0c   0x0000000c   Code   RO         1787    i.PWR_BackupAccessCmd  stm32f10x_pwr.o
    0x08001f18   0x08001f18   0x00000018   Code   RO         1859    i.RCC_ADCCLKConfig  stm32f10x_rcc.o
    0x08001f30   0x08001f30   0x00000020   Code   RO         1860    i.RCC_AHBPeriphClockCmd  stm32f10x_rcc.o
    0x08001f50   0x08001f50   0x00000020   Code   RO         1861    i.RCC_APB1PeriphClockCmd  stm32f10x_rcc.o
    0x08001f70   0x08001f70   0x00000020   Code   RO         1863    i.RCC_APB2PeriphClockCmd  stm32f10x_rcc.o
    0x08001f90   0x08001f90   0x0000000c   Code   RO         1866    i.RCC_BackupResetCmd  stm32f10x_rcc.o
    0x08001f9c   0x08001f9c   0x000000d4   Code   RO         1871    i.RCC_GetClocksFreq  stm32f10x_rcc.o
    0x08002070   0x08002070   0x0000003c   Code   RO         1872    i.RCC_GetFlagStatus  stm32f10x_rcc.o
    0x080020ac   0x080020ac   0x0000000c   Code   RO         1880    i.RCC_LSICmd        stm32f10x_rcc.o
    0x080020b8   0x080020b8   0x0000000c   Code   RO         1886    i.RCC_RTCCLKCmd     stm32f10x_rcc.o
    0x080020c4   0x080020c4   0x00000010   Code   RO         1887    i.RCC_RTCCLKConfig  stm32f10x_rcc.o
    0x080020d4   0x080020d4   0x00000010   Code   RO         2071    i.RTC_ClearFlag     stm32f10x_rtc.o
    0x080020e4   0x080020e4   0x00000014   Code   RO         2073    i.RTC_EnterConfigMode  stm32f10x_rtc.o
    0x080020f8   0x080020f8   0x00000014   Code   RO         2074    i.RTC_ExitConfigMode  stm32f10x_rtc.o
    0x0800210c   0x0800210c   0x00000014   Code   RO         2075    i.RTC_GetCounter    stm32f10x_rtc.o
    0x08002120   0x08002120   0x00000018   Code   RO         2077    i.RTC_GetFlagStatus  stm32f10x_rtc.o
    0x08002138   0x08002138   0x00000018   Code   RO         4823    i.RTC_GetTime       rtc.o
    0x08002150   0x08002150   0x000000ec   Code   RO         4824    i.RTC_Init          rtc.o
    0x0800223c   0x0800223c   0x0000001c   Code   RO         2081    i.RTC_SetCounter    stm32f10x_rtc.o
    0x08002258   0x08002258   0x00000020   Code   RO         2082    i.RTC_SetPrescaler  stm32f10x_rtc.o
    0x08002278   0x08002278   0x00000090   Code   RO         3812    i.RTC_Task          main.o
    0x08002308   0x08002308   0x00000044   Code   RO         4826    i.RTC_WaitForLastTask_Safe  rtc.o
    0x0800234c   0x0800234c   0x0000004c   Code   RO         4827    i.RTC_WaitForSynchro_Safe  rtc.o
    0x08002398   0x08002398   0x00000008   Code   RO         4108    i.SetSysClock       system_stm32f10x.o
    0x080023a0   0x080023a0   0x000000e0   Code   RO         4109    i.SetSysClockTo72   system_stm32f10x.o
    0x08002480   0x08002480   0x000000bc   Code   RO         4457    i.Su03t_Init        su_03t.o
    0x0800253c   0x0800253c   0x00000034   Code   RO         6723    i.SysTick_Handler   port.o
    0x08002570   0x08002570   0x00000060   Code   RO         4111    i.SystemInit        system_stm32f10x.o
    0x080025d0   0x080025d0   0x00000028   Code   RO         5548    i.TIM6_IRQHandler   tim.o
    0x080025f8   0x080025f8   0x00000006   Code   RO         2538    i.TIM_ClearITPendingBit  stm32f10x_tim.o
    0x080025fe   0x080025fe   0x00000018   Code   RO         2543    i.TIM_Cmd           stm32f10x_tim.o
    0x08002616   0x08002616   0x00000022   Code   RO         2564    i.TIM_GetITStatus   stm32f10x_tim.o
    0x08002638   0x08002638   0x00000012   Code   RO         2568    i.TIM_ITConfig      stm32f10x_tim.o
    0x0800264a   0x0800264a   0x00000002   PAD
    0x0800264c   0x0800264c   0x00000064   Code   RO         5549    i.TIM_Init          tim.o
    0x080026b0   0x080026b0   0x000000a4   Code   RO         2614    i.TIM_TimeBaseInit  stm32f10x_tim.o
    0x08002754   0x08002754   0x00000070   Code   RO         4462    i.UART5_IRQHandler  su_03t.o
    0x080027c4   0x080027c4   0x00000088   Code   RO         5307    i.USART1_IRQHandler  usart1.o
    0x0800284c   0x0800284c   0x000000b4   Code   RO         5308    i.USART1_Init       usart1.o
    0x08002900   0x08002900   0x00000030   Code   RO         5310    i.USART1_SendByte   usart1.o
    0x08002930   0x08002930   0x00000094   Code   RO         4399    i.USART2_IRQHandler  kqm.o
    0x080029c4   0x080029c4   0x00000084   Code   RO         5387    i.USART3_IRQHandler  esp8266.o
    0x08002a48   0x08002a48   0x0000001e   Code   RO         3088    i.USART_ClearITPendingBit  stm32f10x_usart.o
    0x08002a66   0x08002a66   0x00000018   Code   RO         3091    i.USART_Cmd         stm32f10x_usart.o
    0x08002a7e   0x08002a7e   0x0000001a   Code   RO         3094    i.USART_GetFlagStatus  stm32f10x_usart.o
    0x08002a98   0x08002a98   0x00000054   Code   RO         3095    i.USART_GetITStatus  stm32f10x_usart.o
    0x08002aec   0x08002aec   0x0000004a   Code   RO         3097    i.USART_ITConfig    stm32f10x_usart.o
    0x08002b36   0x08002b36   0x00000002   PAD
    0x08002b38   0x08002b38   0x000000d8   Code   RO         3098    i.USART_Init        stm32f10x_usart.o
    0x08002c10   0x08002c10   0x0000000a   Code   RO         3105    i.USART_ReceiveData  stm32f10x_usart.o
    0x08002c1a   0x08002c1a   0x00000008   Code   RO         3108    i.USART_SendData    stm32f10x_usart.o
    0x08002c22   0x08002c22   0x00000004   Code   RO         4055    i.UsageFault_Handler  stm32f10x_it.o
    0x08002c26   0x08002c26   0x00000002   PAD
    0x08002c28   0x08002c28   0x00000020   Code   RO         7056    i.__0printf         mc_w.l(printfa.o)
    0x08002c48   0x08002c48   0x0000000e   Code   RO         7187    i.__scatterload_copy  mc_w.l(handlers.o)
    0x08002c56   0x08002c56   0x00000002   Code   RO         7188    i.__scatterload_null  mc_w.l(handlers.o)
    0x08002c58   0x08002c58   0x0000000e   Code   RO         7189    i.__scatterload_zeroinit  mc_w.l(handlers.o)
    0x08002c66   0x08002c66   0x00000002   PAD
    0x08002c68   0x08002c68   0x00000184   Code   RO         7063    i._fp_digits        mc_w.l(printfa.o)
    0x08002dec   0x08002dec   0x000006dc   Code   RO         7064    i._printf_core      mc_w.l(printfa.o)
    0x080034c8   0x080034c8   0x00000024   Code   RO         7065    i._printf_post_padding  mc_w.l(printfa.o)
    0x080034ec   0x080034ec   0x0000002e   Code   RO         7066    i._printf_pre_padding  mc_w.l(printfa.o)
    0x0800351a   0x0800351a   0x00000010   Code   RO         5312    i.fputc             usart1.o
    0x0800352a   0x0800352a   0x00000002   PAD
    0x0800352c   0x0800352c   0x00000190   Code   RO         3813    i.main              main.o
    0x080036bc   0x080036bc   0x00000098   Code   RO         6167    i.prvAddCurrentTaskToDelayedList  tasks.o
    0x08003754   0x08003754   0x000000b4   Code   RO         6168    i.prvAddNewTaskToReadyList  tasks.o
    0x08003808   0x08003808   0x00000064   Code   RO         6510    i.prvCheckForValidListAndQueue  timers.o
    0x0800386c   0x0800386c   0x00000048   Code   RO         6169    i.prvCheckTasksWaitingTermination  tasks.o
    0x080038b4   0x080038b4   0x0000002a   Code   RO         5767    i.prvCopyDataFromQueue  queue.o
    0x080038de   0x080038de   0x0000007e   Code   RO         5768    i.prvCopyDataToQueue  queue.o
    0x0800395c   0x0800395c   0x00000012   Code   RO         6170    i.prvDeleteTCB      tasks.o
    0x0800396e   0x0800396e   0x00000014   Code   RO         5769    i.prvGetDisinheritPriorityAfterTimeout  queue.o
    0x08003982   0x08003982   0x00000002   PAD
    0x08003984   0x08003984   0x00000028   Code   RO         6511    i.prvGetNextExpireTime  timers.o
    0x080039ac   0x080039ac   0x0000007c   Code   RO         6661    i.prvHeapInit       heap_4.o
    0x08003a28   0x08003a28   0x00000028   Code   RO         6171    i.prvIdleTask       tasks.o
    0x08003a50   0x08003a50   0x0000002a   Code   RO         5771    i.prvInitialiseNewQueue  queue.o
    0x08003a7a   0x08003a7a   0x00000090   Code   RO         6172    i.prvInitialiseNewTask  tasks.o
    0x08003b0a   0x08003b0a   0x00000002   PAD
    0x08003b0c   0x08003b0c   0x00000068   Code   RO         6173    i.prvInitialiseTaskLists  tasks.o
    0x08003b74   0x08003b74   0x00000068   Code   RO         6662    i.prvInsertBlockIntoFreeList  heap_4.o
    0x08003bdc   0x08003bdc   0x00000058   Code   RO         6513    i.prvInsertTimerInActiveList  timers.o
    0x08003c34   0x08003c34   0x0000001a   Code   RO         5772    i.prvIsQueueEmpty   queue.o
    0x08003c4e   0x08003c4e   0x0000001e   Code   RO         5773    i.prvIsQueueFull    queue.o
    0x08003c6c   0x08003c6c   0x00000052   Code   RO         5774    i.prvNotifyQueueSetContainer  queue.o
    0x08003cbe   0x08003cbe   0x00000002   PAD
    0x08003cc0   0x08003cc0   0x0000005c   Code   RO         6514    i.prvProcessExpiredTimer  timers.o
    0x08003d1c   0x08003d1c   0x0000010c   Code   RO         6515    i.prvProcessReceivedCommands  timers.o
    0x08003e28   0x08003e28   0x00000074   Code   RO         6516    i.prvProcessTimerOrBlockTask  timers.o
    0x08003e9c   0x08003e9c   0x00000034   Code   RO         6174    i.prvResetNextTaskUnblockTime  tasks.o
    0x08003ed0   0x08003ed0   0x0000002c   Code   RO         6517    i.prvSampleTimeNow  timers.o
    0x08003efc   0x08003efc   0x00000088   Code   RO         6518    i.prvSwitchTimerLists  timers.o
    0x08003f84   0x08003f84   0x00000016   Code   RO         6724    i.prvTaskExitError  port.o
    0x08003f9a   0x08003f9a   0x0000001e   Code   RO         5614    i.prvTestWaitCondition  event_groups.o
    0x08003fb8   0x08003fb8   0x0000001a   Code   RO         6519    i.prvTimerTask      timers.o
    0x08003fd2   0x08003fd2   0x00000092   Code   RO         5775    i.prvUnlockQueue    queue.o
    0x08004064   0x08004064   0x000000d0   Code   RO         6663    i.pvPortMalloc      heap_4.o
    0x08004134   0x08004134   0x00000020   Code   RO         6176    i.pvTaskIncrementMutexHeldCount  tasks.o
    0x08004154   0x08004154   0x00000024   Code   RO         6725    i.pxPortInitialiseStack  port.o
    0x08004178   0x08004178   0x00000028   Code   RO         5715    i.uxListRemove      list.o
    0x080041a0   0x080041a0   0x0000001c   Code   RO         6181    i.uxTaskResetEventItemValue  tasks.o
    0x080041bc   0x080041bc   0x00000004   Code   RO         3814    i.vApplicationStackOverflowHook  main.o
    0x080041c0   0x080041c0   0x0000001a   Code   RO         5716    i.vListInitialise   list.o
    0x080041da   0x080041da   0x00000006   Code   RO         5717    i.vListInitialiseItem  list.o
    0x080041e0   0x080041e0   0x00000034   Code   RO         5718    i.vListInsert       list.o
    0x08004214   0x08004214   0x00000018   Code   RO         5719    i.vListInsertEnd    list.o
    0x0800422c   0x0800422c   0x00000024   Code   RO         6727    i.vPortEnterCritical  port.o
    0x08004250   0x08004250   0x00000020   Code   RO         6728    i.vPortExitCritical  port.o
    0x08004270   0x08004270   0x00000048   Code   RO         6664    i.vPortFree         heap_4.o
    0x080042b8   0x080042b8   0x00000018   Code   RO         6729    i.vPortSetupTimerInterrupt  port.o
    0x080042d0   0x080042d0   0x0000002c   Code   RO         5779    i.vQueueAddToRegistry  queue.o
    0x080042fc   0x080042fc   0x0000004a   Code   RO         5782    i.vQueueWaitForMessageRestricted  queue.o
    0x08004346   0x08004346   0x00000002   PAD
    0x08004348   0x08004348   0x00000034   Code   RO         6182    i.vTaskDelay        tasks.o
    0x0800437c   0x0800437c   0x00000018   Code   RO         6186    i.vTaskInternalSetTimeOutState  tasks.o
    0x08004394   0x08004394   0x0000000c   Code   RO         6187    i.vTaskMissedYield  tasks.o
    0x080043a0   0x080043a0   0x00000020   Code   RO         6189    i.vTaskPlaceOnEventList  tasks.o
    0x080043c0   0x080043c0   0x00000028   Code   RO         6190    i.vTaskPlaceOnEventListRestricted  tasks.o
    0x080043e8   0x080043e8   0x0000002c   Code   RO         6191    i.vTaskPlaceOnUnorderedEventList  tasks.o
    0x08004414   0x08004414   0x000000b0   Code   RO         6192    i.vTaskPriorityDisinheritAfterTimeout  tasks.o
    0x080044c4   0x080044c4   0x00000064   Code   RO         6194    i.vTaskRemoveFromUnorderedEventList  tasks.o
    0x08004528   0x08004528   0x00000070   Code   RO         6197    i.vTaskStartScheduler  tasks.o
    0x08004598   0x08004598   0x00000010   Code   RO         6199    i.vTaskSuspendAll   tasks.o
    0x080045a8   0x080045a8   0x00000080   Code   RO         6200    i.vTaskSwitchContext  tasks.o
    0x08004628   0x08004628   0x00000020   Code   RO         5618    i.xEventGroupClearBits  event_groups.o
    0x08004648   0x08004648   0x0000001a   Code   RO         5619    i.xEventGroupCreate  event_groups.o
    0x08004662   0x08004662   0x00000092   Code   RO         5621    i.xEventGroupSetBits  event_groups.o
    0x080046f4   0x080046f4   0x000000cc   Code   RO         5623    i.xEventGroupWaitBits  event_groups.o
    0x080047c0   0x080047c0   0x00000034   Code   RO         6730    i.xPortStartScheduler  port.o
    0x080047f4   0x080047f4   0x0000003a   Code   RO         5787    i.xQueueGenericCreate  queue.o
    0x0800482e   0x0800482e   0x00000002   PAD
    0x08004830   0x08004830   0x00000080   Code   RO         5788    i.xQueueGenericReset  queue.o
    0x080048b0   0x080048b0   0x00000148   Code   RO         5789    i.xQueueGenericSend  queue.o
    0x080049f8   0x080049f8   0x0000009c   Code   RO         5790    i.xQueueGenericSendFromISR  queue.o
    0x08004a94   0x08004a94   0x0000008e   Code   RO         5791    i.xQueueGiveFromISR  queue.o
    0x08004b22   0x08004b22   0x00000002   PAD
    0x08004b24   0x08004b24   0x00000104   Code   RO         5797    i.xQueueReceive     queue.o
    0x08004c28   0x08004c28   0x00000130   Code   RO         5802    i.xQueueSemaphoreTake  queue.o
    0x08004d58   0x08004d58   0x0000005c   Code   RO         6201    i.xTaskCheckForTimeOut  tasks.o
    0x08004db4   0x08004db4   0x00000060   Code   RO         6202    i.xTaskCreate       tasks.o
    0x08004e14   0x08004e14   0x00000020   Code   RO         6206    i.xTaskGetSchedulerState  tasks.o
    0x08004e34   0x08004e34   0x0000000c   Code   RO         6207    i.xTaskGetTickCount  tasks.o
    0x08004e40   0x08004e40   0x0000011c   Code   RO         6209    i.xTaskIncrementTick  tasks.o
    0x08004f5c   0x08004f5c   0x00000084   Code   RO         6212    i.xTaskPriorityDisinherit  tasks.o
    0x08004fe0   0x08004fe0   0x000000c8   Code   RO         6213    i.xTaskPriorityInherit  tasks.o
    0x080050a8   0x080050a8   0x00000080   Code   RO         6214    i.xTaskRemoveFromEventList  tasks.o
    0x08005128   0x08005128   0x000000e8   Code   RO         6215    i.xTaskResumeAll    tasks.o
    0x08005210   0x08005210   0x0000003c   Code   RO         6524    i.xTimerCreateTimerTask  timers.o
    0x0800524c   0x0800524c   0x0000006c   Code   RO         6525    i.xTimerGenericCommand  timers.o
    0x080052b8   0x080052b8   0x0000000c   Data   RO         6807    .constdata          mc_w.l(localtime.o)
    0x080052c4   0x080052c4   0x00000020   Data   RO         7185    Region$$Table       anon$$obj.o


    Execution Region RW_IRAM1 (Exec base: 0x20000000, Load base: 0x080052e4, Size: 0x00006a18, Max: 0x00010000, ABSOLUTE, COMPRESSED[0x00000050])

    Exec Addr    Load Addr    Size         Type   Attr      Idx    E Section Name        Object

    0x20000000   COMPRESSED   0x00000014   Data   RW         1891    .data               stm32f10x_rcc.o
    0x20000014   COMPRESSED   0x00000044   Data   RW         3815    .data               main.o
    0x20000058   COMPRESSED   0x00000030   Data   RW         4223    .data               key.o
    0x20000088   COMPRESSED   0x00000006   Data   RW         4463    .data               su_03t.o
    0x2000008e   COMPRESSED   0x00000002   PAD
    0x20000090   COMPRESSED   0x00000008   Data   RW         4551    .data               dht11.o
    0x20000098   COMPRESSED   0x00000004   Data   RW         4828    .data               rtc.o
    0x2000009c   COMPRESSED   0x00000006   Data   RW         5263    .data               light.o
    0x200000a2   COMPRESSED   0x00000002   PAD
    0x200000a4   COMPRESSED   0x00000271   Data   RW         5396    .data               esp8266.o
    0x20000315   COMPRESSED   0x00000001   PAD
    0x20000316   COMPRESSED   0x00000002   Data   RW         5550    .data               tim.o
    0x20000318   COMPRESSED   0x0000003c   Data   RW         6218    .data               tasks.o
    0x20000354   COMPRESSED   0x00000014   Data   RW         6533    .data               timers.o
    0x20000368   COMPRESSED   0x00000018   Data   RW         6669    .data               heap_4.o
    0x20000380   COMPRESSED   0x00000004   Data   RW         6731    .data               port.o
    0x20000384   COMPRESSED   0x00000004   Data   RW         7124    .data               mc_w.l(stdout.o)
    0x20000388        -       0x00000020   Zero   RW         4400    .bss                kqm.o
    0x200003a8        -       0x00000104   Zero   RW         5313    .bss                usart1.o
    0x200004ac        -       0x00000050   Zero   RW         5804    .bss                queue.o
    0x200004fc        -       0x000000c8   Zero   RW         6217    .bss                tasks.o
    0x200005c4        -       0x00000028   Zero   RW         6532    .bss                timers.o
    0x200005ec        -       0x00004400   Zero   RW         6668    .bss                heap_4.o
    0x200049ec        -       0x0000002c   Zero   RW         6806    .bss                mc_w.l(localtime.o)
    0x20004a18        -       0x00002000   Zero   RW         3342    STACK               startup_stm32f10x_hd.o


==============================================================================

Image component sizes


      Code (inc. data)   RO Data    RW Data    ZI Data      Debug   Object Name

       362          0          0          0          0        908   delay.o
       676         46          0          8          0       1968   dht11.o
       132         12          0        625          0       4080   esp8266.o
       438          6          0          0          0      14946   event_groups.o
       508         62          0         24      17408       3627   heap_4.o
       260         20          0         48          0       3026   key.o
       624        122          0          0         32       2368   kqm.o
        80          6          0          0          0        463   led.o
       360         30          0          6          0       1846   light.o
       148          0          0          0          0       2966   list.o
      1584        456          0         68          0      22295   main.o
       132         22          0          0          0     273243   misc.o
       746         40          0          0          0       5398   myi2c_bh1750.o
       404         48          0          4          0       8676   port.o
      2008         24          0          0         80      17340   queue.o
       404        158          0          4          0       3404   rtc.o
        36          8        304          0       8192        764   startup_stm32f10x_hd.o
       416         10          0          0          0       8478   stm32f10x_adc.o
        72         10          0          0          0       2744   stm32f10x_bkp.o
       416          8          0          0          0       3474   stm32f10x_dma.o
       314          0          0          0          0       4260   stm32f10x_gpio.o
        20          0          0          0          0       2337   stm32f10x_it.o
        12          6          0          0          0        490   stm32f10x_pwr.o
       444         70          0         20          0       8130   stm32f10x_rcc.o
       160         32          0          0          0       3512   stm32f10x_rtc.o
       246         42          0          0          0       3570   stm32f10x_tim.o
       472          6          0          0          0       6771   stm32f10x_usart.o
       300         22          0          6          0       1784   su_03t.o
       328         28          0          0          0       1829   system_stm32f10x.o
      2766        400          0         60        200      29444   tasks.o
       140         12          0          2          0       1490   tim.o
      1078        112          0         20         40      10715   timers.o
       380         24          0          0        260       4462   usart1.o

    ----------------------------------------------------------------------
     16496       1842        336        900      26212     460808   Object Totals
         0          0         32          0          0          0   (incl. Generated)
        30          0          0          5          0          0   (incl. Padding)

    ----------------------------------------------------------------------

      Code (inc. data)   RO Data    RW Data    ZI Data      Debug   Library Member Name

        86          0          0          0          0          0   __dczerorl2.o
         0          0          0          0          0          0   entry.o
         0          0          0          0          0          0   entry10a.o
         0          0          0          0          0          0   entry11a.o
         8          4          0          0          0          0   entry2.o
         4          0          0          0          0          0   entry5.o
         0          0          0          0          0          0   entry7b.o
         0          0          0          0          0          0   entry8b.o
         8          4          0          0          0          0   entry9a.o
        30          0          0          0          0          0   handlers.o
        36          8          0          0          0         68   init.o
         0          0          0          0          0          0   iusefp.o
        30          0          0          0          0         68   llshl.o
        36          0          0          0          0         68   llsshr.o
        32          0          0          0          0         68   llushr.o
       148         10         12          0         44         76   localtime.o
        36          0          0          0          0         68   memcpya.o
        36          0          0          0          0        108   memseta.o
      2258         90          0          0          0        452   printfa.o
         0          0          0          4          0          0   stdout.o
        44          0          0          0          0         80   uidiv.o
        98          0          0          0          0         92   uldiv.o
        48          0          0          0          0         68   cdrcmple.o
        20          0          0          0          0         68   cfrcmple.o
        56          0          0          0          0         88   d2f.o
       334          0          0          0          0        148   dadd.o
       222          0          0          0          0        100   ddiv.o
       186          0          0          0          0        176   depilogue.o
        48          0          0          0          0         68   dfixul.o
        34          0          0          0          0         76   dflti.o
        26          0          0          0          0         76   dfltui.o
       228          0          0          0          0         96   dmul.o
        38          0          0          0          0         68   f2d.o
       124          0          0          0          0         88   fdiv.o
       110          0          0          0          0        168   fepilogue.o
        10          0          0          0          0         68   ffltui.o

    ----------------------------------------------------------------------
      4376        116         12          4         44       2504   Library Totals
         2          0          0          0          0          0   (incl. Padding)

    ----------------------------------------------------------------------

      Code (inc. data)   RO Data    RW Data    ZI Data      Debug   Library Name

      2890        116         12          4         44       1148   mc_w.l
      1484          0          0          0          0       1356   mf_w.l

    ----------------------------------------------------------------------
      4376        116         12          4         44       2504   Library Totals

    ----------------------------------------------------------------------

==============================================================================


      Code (inc. data)   RO Data    RW Data    ZI Data      Debug   

     20872       1958        348        904      26256     452572   Grand Totals
     20872       1958        348         80      26256     452572   ELF Image Totals (compressed)
     20872       1958        348         80          0          0   ROM Totals

==============================================================================

    Total RO  Size (Code + RO Data)                21220 (  20.72kB)
    Total RW  Size (RW Data + ZI Data)             27160 (  26.52kB)
    Total ROM Size (Code + RO Data + RW Data)      21300 (  20.80kB)

==============================================================================

